
20:20:53 "GET / HTTP/1.1" 200 -
20:48:09 "GET /api/sync?t=1781441288402 HTTP/1.1" 200 -
20:48:17 "GET /wc-cards.json?t=1781441297067 HTTP/1.1" 200 -
20:53:24 "GET / HTTP/1.1" 200 -
20:53:24 "GET /WC26_Logo.png HTTP/1.1" 200 -
20:53:25 "GET /wc-roster-data.js HTTP/1.1" 200 -
20:53:25 "GET /wc-player-detail.js HTTP/1.1" 200 -
20:53:25 "GET /wc-player-7m.js HTTP/1.1" 200 -
20:53:25 "GET /%E7%90%83%E5%91%98.svg HTTP/1.1" 200 -
20:53:25 "GET /wc-flags/CZE.png HTTP/1.1" 200 -
20:53:25 "GET /wc-flags/KOR.png HTTP/1.1" 200 -
20:53:25 "GET /wc-flags/MEX.png HTTP/1.1" 200 -
20:53:25 "GET /wc-flags/RSA.png HTTP/1.1" 200 -
20:53:25 "GET /wc-flags/BIH.png HTTP/1.1" 200 -
20:53:25 "GET /wc-flags/CAN.png HTTP/1.1" 200 -
20:53:25 "GET /wc-flags/QAT.png HTTP/1.1" 200 -
20:53:25 "GET /wc-flags/SUI.png HTTP/1.1" 200 -
20:53:25 "GET /wc-flags/BRA.png HTTP/1.1" 200 -
20:53:25 "GET /wc-flags/HAI.png HTTP/1.1" 200 -
20:53:25 "GET /wc-flags/MAR.png HTTP/1.1" 200 -
20:53:25 "GET /wc-flags/SCO.png HTTP/1.1" 200 -
20:53:25 "GET /wc-flags/AUS.png HTTP/1.1" 200 -
20:53:25 "GET /wc-flags/PAR.png HTTP/1.1" 200 -
20:53:25 "GET /wc-flags/TUR.png HTTP/1.1" 200 -
20:53:25 "GET /wc-flags/USA.png HTTP/1.1" 200 -
20:53:25 "GET /wc-flags/CIV.png HTTP/1.1" 200 -
20:53:25 "GET /wc-flags/CUW.png HTTP/1.1" 200 -
20:53:25 "GET /wc-flags/ECU.png HTTP/1.1" 200 -
20:53:25 "GET /wc-flags/GER.png HTTP/1.1" 200 -
20:53:25 "GET /wc-flags/JPN.png HTTP/1.1" 200 -
20:53:26 "GET /wc-flags/NED.png HTTP/1.1" 200 -
20:53:26 "GET /wc-flags/SWE.png HTTP/1.1" 200 -
20:53:26 "GET /wc-flags/TUN.png HTTP/1.1" 200 -
20:53:26 "GET /wc-flags/BEL.png HTTP/1.1" 200 -
20:53:26 "GET /wc-flags/EGY.png HTTP/1.1" 200 -
20:53:26 "GET /wc-flags/IRN.png HTTP/1.1" 200 -
20:53:26 "GET /wc-flags/CPV.png HTTP/1.1" 200 -
20:53:26 "GET /wc-flags/NZL.png HTTP/1.1" 200 -
20:53:26 "GET /wc-flags/ESP.png HTTP/1.1" 200 -
20:53:26 "GET /wc-flags/KSA.png HTTP/1.1" 200 -
20:53:26 "GET /wc-flags/URU.png HTTP/1.1" 200 -
20:53:26 "GET /wc-flags/FRA.png HTTP/1.1" 200 -
20:53:26 "GET /wc-flags/IRQ.png HTTP/1.1" 200 -
20:53:26 "GET /wc-flags/NOR.png HTTP/1.1" 200 -
20:53:26 "GET /wc-flags/SEN.png HTTP/1.1" 200 -
20:53:26 "GET /wc-flags/ALG.png HTTP/1.1" 200 -
20:53:26 "GET /wc-flags/ARG.png HTTP/1.1" 200 -
20:53:26 "GET /wc-flags/AUT.png HTTP/1.1" 200 -
20:53:26 "GET /wc-flags/JOR.png HTTP/1.1" 200 -
20:53:26 "GET /wc-flags/COD.png HTTP/1.1" 200 -
20:53:26 "GET /wc-flags/COL.png HTTP/1.1" 200 -
20:53:26 "GET /wc-flags/POR.png HTTP/1.1" 200 -
20:53:26 "GET /wc-flags/UZB.png HTTP/1.1" 200 -
20:53:26 "GET /wc-flags/CRO.png HTTP/1.1" 200 -
20:53:26 "GET /wc-flags/ENG.png HTTP/1.1" 200 -
20:53:26 "GET /wc-flags/GHA.png HTTP/1.1" 200 -
20:53:26 "GET /wc-flags/PAN.png HTTP/1.1" 200 -
20:53:26 "GET /wc-cards.json?t=1781441605442 HTTP/1.1" 200 -
20:53:26 "GET /api/sync?t=1781441605440 HTTP/1.1" 200 -
20:53:26 "GET /wc-cards.json?t=1781441605626 HTTP/1.1" 200 -
21:02:10 "GET /api/sync?t=1781442129057 HTTP/1.1" 200 -
21:02:18 "GET /wc-cards.json?t=1781442138225 HTTP/1.1" 200 -
21:09:42 "GET / HTTP/1.1" 200 -
21:09:56 "GET / HTTP/1.1" 200 -
21:12:22 "GET / HTTP/1.1" 200 -
21:14:14 "GET / HTTP/1.1" 200 -
21:14:15 "GET /wc-cards.json?t=1781442854105 HTTP/1.1" 200 -
21:14:15 "GET /api/sync?t=1781442854104 HTTP/1.1" 200 -
21:14:15 "GET /wc-cards.json?t=1781442854312 HTTP/1.1" 200 -
21:14:19 "GET /wc-events.json HTTP/1.1" 200 -
21:14:19 "GET /wc-flags/qat.png HTTP/1.1" 200 -
21:14:19 "GET /wc-flags/sui.png HTTP/1.1" 200 -
21:14:20 "GET /api/lineup?fifaId=400021447 HTTP/1.1" 200 -
21:14:21 "GET /api/video?fifaId=400021447 HTTP/1.1" 200 -
21:15:54 "GET / HTTP/1.1" 200 -
21:25:46 "GET /api/sync?t=1781443546836 HTTP/1.1" 200 -
21:25:46 "GET /wc-cards.json?t=1781443546978 HTTP/1.1" 200 -
21:25:54 "GET /api/sync?t=1781443548254 HTTP/1.1" 200 -
21:25:54 "GET /wc-cards.json?t=1781443555152 HTTP/1.1" 200 -
21:27:44 "GET /api/sync?t=1781443660664 HTTP/1.1" 200 -
21:27:44 "GET /wc-cards.json?t=1781443665278 HTTP/1.1" 200 -
21:27:45 "GET /api/sync?t=1781443658137 HTTP/1.1" 200 -
21:27:45 "GET /wc-cards.json?t=1781443665815 HTTP/1.1" 200 -
21:28:08 "GET /api/sync?t=1781443689347 HTTP/1.1" 200 -
21:28:08 "GET /wc-cards.json?t=1781443689447 HTTP/1.1" 200 -
22:06:52 "GET / HTTP/1.1" 200 -
22:06:52 "GET /WC26_Logo.png HTTP/1.1" 200 -
22:06:52 "GET /wc-roster-data.js HTTP/1.1" 200 -
22:06:52 "GET /wc-player-detail.js HTTP/1.1" 200 -
22:06:52 "GET /wc-player-7m.js HTTP/1.1" 200 -
22:06:52 "GET /%E7%90%83%E5%91%98.svg HTTP/1.1" 200 -
22:06:52 "GET /wc-flags/CZE.png HTTP/1.1" 200 -
22:06:52 "GET /wc-flags/KOR.png HTTP/1.1" 200 -
22:06:52 "GET /wc-flags/MEX.png HTTP/1.1" 200 -
22:06:52 "GET /wc-flags/RSA.png HTTP/1.1" 200 -
22:06:52 "GET /wc-flags/BIH.png HTTP/1.1" 200 -
22:06:52 "GET /wc-flags/CAN.png HTTP/1.1" 200 -
22:06:52 "GET /wc-flags/QAT.png HTTP/1.1" 200 -
22:06:52 "GET /wc-flags/SUI.png HTTP/1.1" 200 -
22:06:52 "GET /wc-flags/BRA.png HTTP/1.1" 200 -
22:06:53 "GET /wc-flags/HAI.png HTTP/1.1" 200 -
22:06:53 "GET /wc-flags/MAR.png HTTP/1.1" 200 -
22:06:53 "GET /wc-flags/SCO.png HTTP/1.1" 200 -
22:06:53 "GET /wc-flags/AUS.png HTTP/1.1" 200 -
22:06:53 "GET /wc-flags/PAR.png HTTP/1.1" 200 -
22:06:53 "GET /wc-flags/TUR.png HTTP/1.1" 200 -
22:06:53 "GET /wc-flags/USA.png HTTP/1.1" 200 -
22:06:53 "GET /wc-flags/CIV.png HTTP/1.1" 200 -
22:06:53 "GET /wc-flags/CUW.png HTTP/1.1" 200 -
22:06:53 "GET /wc-flags/ECU.png HTTP/1.1" 200 -
22:06:53 "GET /wc-flags/GER.png HTTP/1.1" 200 -
22:06:53 "GET /wc-flags/JPN.png HTTP/1.1" 200 -
22:06:53 "GET /wc-flags/NED.png HTTP/1.1" 200 -
22:06:53 "GET /wc-flags/SWE.png HTTP/1.1" 200 -
22:06:53 "GET /wc-flags/TUN.png HTTP/1.1" 200 -
22:06:53 "GET /wc-flags/BEL.png HTTP/1.1" 200 -
22:06:53 "GET /wc-flags/EGY.png HTTP/1.1" 200 -
22:06:53 "GET /wc-flags/IRN.png HTTP/1.1" 200 -
22:06:53 "GET /wc-flags/NZL.png HTTP/1.1" 200 -
22:06:53 "GET /wc-flags/CPV.png HTTP/1.1" 200 -
22:06:53 "GET /wc-flags/ESP.png HTTP/1.1" 200 -
22:06:53 "GET /wc-flags/KSA.png HTTP/1.1" 200 -
22:06:53 "GET /wc-flags/URU.png HTTP/1.1" 200 -
22:06:53 "GET /wc-flags/IRQ.png HTTP/1.1" 200 -
22:06:53 "GET /wc-flags/NOR.png HTTP/1.1" 200 -
22:06:53 "GET /wc-flags/SEN.png HTTP/1.1" 200 -
22:06:53 "GET /wc-flags/ALG.png HTTP/1.1" 200 -
22:06:53 "GET /wc-flags/ARG.png HTTP/1.1" 200 -
22:06:53 "GET /wc-flags/AUT.png HTTP/1.1" 200 -
22:06:53 "GET /wc-flags/JOR.png HTTP/1.1" 200 -
22:06:53 "GET /wc-flags/COD.png HTTP/1.1" 200 -
22:06:53 "GET /wc-flags/COL.png HTTP/1.1" 200 -
22:06:53 "GET /wc-flags/POR.png HTTP/1.1" 200 -
22:06:53 "GET /wc-flags/UZB.png HTTP/1.1" 200 -
22:06:53 "GET /wc-flags/CRO.png HTTP/1.1" 200 -
22:06:53 "GET /wc-flags/ENG.png HTTP/1.1" 200 -
22:06:53 "GET /wc-flags/GHA.png HTTP/1.1" 200 -
22:06:53 "GET /wc-flags/PAN.png HTTP/1.1" 200 -
22:06:53 "GET /wc-cards.json?t=1781446012801 HTTP/1.1" 200 -
22:06:53 "GET /api/sync?t=1781446012800 HTTP/1.1" 200 -
22:06:54 "GET /wc-cards.json?t=1781446013032 HTTP/1.1" 200 -
22:08:09 code 404, message Not Found
22:08:09 "GET /apk/ HTTP/1.1" 404 -
22:08:33 code 404, message Not Found
22:08:33 "GET /apk/ HTTP/1.1" 404 -
22:08:59 code 404, message Not Found
22:08:59 "GET /apk/ HTTP/1.1" 404 -
22:09:38 code 404, message Not Found
22:09:38 "GET /apk/ HTTP/1.1" 404 -
22:10:17 code 404, message Not Found
22:10:17 "GET /apk/ HTTP/1.1" 404 -
22:10:30 "GET / HTTP/1.1" 200 -
22:10:30 code 404, message Not Found
22:10:30 "GET /apk/ HTTP/1.1" 404 -
22:10:50 "GET / HTTP/1.1" 200 -
22:10:50 code 404, message Not Found
22:10:50 "GET /apk/ HTTP/1.1" 404 -
22:11:54 "GET / HTTP/1.1" 200 -
22:15:19 "GET / HTTP/1.1" 200 -
22:20:33 "GET / HTTP/1.1" 200 -
22:20:33 "GET /WC26_Logo.png HTTP/1.1" 304 -
22:20:34 "GET /wc-cards.json?t=1781446833372 HTTP/1.1" 200 -
22:20:34 "GET /api/sync?t=1781446833371 HTTP/1.1" 200 -
22:20:34 "GET /wc-cards.json?t=1781446833571 HTTP/1.1" 200 -
22:20:38 "GET /wc-events.json HTTP/1.1" 200 -
22:20:38 "GET /wc-flags/qat.png HTTP/1.1" 200 -
22:20:39 "GET /api/lineup?fifaId=400021447 HTTP/1.1" 200 -
22:20:40 "GET /api/video?fifaId=400021447 HTTP/1.1" 200 -
22:20:41 "GET /proxy/?url=https%3A%2F%2Fcontent-aaps1.uplynk.com%2Fpreplay2%2F3e1681c456b14b019e1bb901e291193f%2F3c26445c90440028558293c382b29841%2F3sl3j8xMGntzuVj4ItgDIh3cmlWKo0vYsJVfGpIxTGWM.m3u8%3Fpbs%3Deaa6450fe6f84caf9755449c3afa0e4c HTTP/1.1" 200 -
22:20:42 "GET /proxy/?url=https%3A%2F%2Fcontent-aaps1.uplynk.com%2F3e1681c456b14b019e1bb901e291193f%2Fd.m3u8%3Fpbs%3Deaa6450fe6f84caf9755449c3afa0e4c HTTP/1.1" 200 -
22:20:51 "GET /proxy/?url=https%3A%2F%2Fcontent-aaps1.uplynk.com%2Fcheck2%3Fb%3D3e1681c456b14b019e1bb901e291193f%26v%3D3e1681c456b14b019e1bb901e291193f%26r%3Dd%26pbs%3Deaa6450fe6f84caf9755449c3afa0e4c HTTP/1.1" 200 -
22:20:57 code 502, message Proxy error: <urlopen error _ssl.c:993: The handshake operation timed out>
22:20:57 "GET /proxy/?url=https%3A%2F%2Fcontent-aaps1.uplynk.com%2Fcheck2%3Fb%3D3e1681c456b14b019e1bb901e291193f%26v%3D3e1681c456b14b019e1bb901e291193f%26r%3Dd%26pbs%3Deaa6450fe6f84caf9755449c3afa0e4c HTTP/1.1" 502 -
22:20:57 code 502, message Proxy error: <urlopen error _ssl.c:993: The handshake operation timed out>
22:20:57 "GET /proxy/?url=https%3A%2F%2Fcontent-aaps1.uplynk.com%2Fvodredir4%2F3e1681c456b14b019e1bb901e291193f%2FD00000000.ts%3Fseq%3D0%26pbs%3Deaa6450fe6f84caf9755449c3afa0e4c%26ptime%3D4.096%26atomic%3D1%26ohash%3DaHR0cHM6Ly9jZi1zZWN1cmUuY2RuLnVwbHluay5jb20vYWV1dzEvc2xpY2VzLzNlMS81ZDhlOWVmNjNhMjA0ZDBiOGNiNzFiNTAwOTNiZGU3ZC8zZTE2ODFjNDU2YjE0YjAxOWUxYmI5MDFlMjkxMTkzZi9EMDAwMDAwMDAudHM_cGJzPWVhYTY0NTBmZTZmODRjYWY5NzU1NDQ5YzNhZmEwZTRjJmNsb3VkPWF3cyZjZG49Y2ZpJnNpPTAmRXhwaXJlcz0xNzgxNjE5NjQyJlBvbGljeT1leUpUZEdGMFpXMWxiblFpT2x0N0lsSmxjMjkxY21ObElqb2lhSFIwY0hNNkx5OWpaaTF6WldOMWNtVXVZMlJ1TG5Wd2JIbHVheTVqYjIwdllXVjFkekV2YzJ4cFkyVnpMek5sTVM4MVpEaGxPV1ZtTmpOaE1qQTBaREJpT0dOaU56RmlOVEF3T1ROaVpHVTNaQzh6WlRFMk9ERmpORFUyWWpFMFlqQXhPV1V4WW1JNU1ERmxNamt4TVRrelppOHFjR0p6UFdWaFlUWTBOVEJtWlRabU9EUmpZV1k1TnpVMU5EUTVZek5oWm1Fd1pUUmpKbU5zYjNWa1BXRjNjeVpqWkc0OVkyWnBKbk5wUFRBaUxDSkRiMjVrYVhScGIyNGlPbnNpUkdGMFpVeGxjM05VYUdGdUlqcDdJa0ZYVXpwRmNHOWphRlJwYldVaU9qRTNPREUyTVRrMk5ESjlmWDFkZlE9PSZTaWduYXR1cmU9Y2UzYWJ4UDJCZnRDcUQwekd0NkxEVFdBT2R1ZHR3Q1JzOVRzR2VrfndmTGYzNko3bXBraWxCOUZGcmZJYnhyeEVtYkwtUnNnUnFuUHN1b3p0T2NqWEJFSFZod1haVVZoNWd2MkNrTlc4LTZ3eVFiUml4S0J6aE9NWTl0dUh0WmlkRHg4YUR-TFptS2JMY09-ZWlCV01OZHdCV1FLUGYya2YzeGRZaFZnTn5ZMlFWeWJDaHV-aHBmQ09QR3AtN0QzY3FmcE1lMjJrcEJ1UEhmSXJrQ3BTRkJ1Ui1hfjE3RVN3NFZiVTRiQWZ1R29mWGlvVDRWbEFhMnNRZmdVMzB3WnA3c0xYfkI2VVBTMExYMTNmRjFPblhTVXZWTnhPNnVjSVhzZ0gxMXNJdEczZndJUk5kb01KbTE0am9wa3k3UH5zT2I1LURtRE1Fbzl5U1V6YXdYSk53X18mS2V5LVBhaXItSWQ9SzFVUUpaNThJVVMzVDM%3D HTTP/1.1" 502 -
22:21:04 "GET /proxy/?url=https%3A%2F%2Fcontent-aaps1.uplynk.com%2Fvodredir4%2F3e1681c456b14b019e1bb901e291193f%2FD00000000.ts%3Fseq%3D0%26pbs%3Deaa6450fe6f84caf9755449c3afa0e4c%26ptime%3D4.096%26atomic%3D1%26ohash%3DaHR0cHM6Ly9jZi1zZWN1cmUuY2RuLnVwbHluay5jb20vYWV1dzEvc2xpY2VzLzNlMS81ZDhlOWVmNjNhMjA0ZDBiOGNiNzFiNTAwOTNiZGU3ZC8zZTE2ODFjNDU2YjE0YjAxOWUxYmI5MDFlMjkxMTkzZi9EMDAwMDAwMDAudHM_cGJzPWVhYTY0NTBmZTZmODRjYWY5NzU1NDQ5YzNhZmEwZTRjJmNsb3VkPWF3cyZjZG49Y2ZpJnNpPTAmRXhwaXJlcz0xNzgxNjE5NjQyJlBvbGljeT1leUpUZEdGMFpXMWxiblFpT2x0N0lsSmxjMjkxY21ObElqb2lhSFIwY0hNNkx5OWpaaTF6WldOMWNtVXVZMlJ1TG5Wd2JIbHVheTVqYjIwdllXVjFkekV2YzJ4cFkyVnpMek5sTVM4MVpEaGxPV1ZtTmpOaE1qQTBaREJpT0dOaU56RmlOVEF3T1ROaVpHVTNaQzh6WlRFMk9ERmpORFUyWWpFMFlqQXhPV1V4WW1JNU1ERmxNamt4TVRrelppOHFjR0p6UFdWaFlUWTBOVEJtWlRabU9EUmpZV1k1TnpVMU5EUTVZek5oWm1Fd1pUUmpKbU5zYjNWa1BXRjNjeVpqWkc0OVkyWnBKbk5wUFRBaUxDSkRiMjVrYVhScGIyNGlPbnNpUkdGMFpVeGxjM05VYUdGdUlqcDdJa0ZYVXpwRmNHOWphRlJwYldVaU9qRTNPREUyTVRrMk5ESjlmWDFkZlE9PSZTaWduYXR1cmU9Y2UzYWJ4UDJCZnRDcUQwekd0NkxEVFdBT2R1ZHR3Q1JzOVRzR2VrfndmTGYzNko3bXBraWxCOUZGcmZJYnhyeEVtYkwtUnNnUnFuUHN1b3p0T2NqWEJFSFZod1haVVZoNWd2MkNrTlc4LTZ3eVFiUml4S0J6aE9NWTl0dUh0WmlkRHg4YUR-TFptS2JMY09-ZWlCV01OZHdCV1FLUGYya2YzeGRZaFZnTn5ZMlFWeWJDaHV-aHBmQ09QR3AtN0QzY3FmcE1lMjJrcEJ1UEhmSXJrQ3BTRkJ1Ui1hfjE3RVN3NFZiVTRiQWZ1R29mWGlvVDRWbEFhMnNRZmdVMzB3WnA3c0xYfkI2VVBTMExYMTNmRjFPblhTVXZWTnhPNnVjSVhzZ0gxMXNJdEczZndJUk5kb01KbTE0am9wa3k3UH5zT2I1LURtRE1Fbzl5U1V6YXdYSk53X18mS2V5LVBhaXItSWQ9SzFVUUpaNThJVVMzVDM%3D HTTP/1.1" 200 -
22:21:07 code 502, message Proxy error: <urlopen error _ssl.c:993: The handshake operation timed out>
22:21:07 "GET /proxy/?url=https%3A%2F%2Fcontent-aaps1.uplynk.com%2Fvodredir4%2F3e1681c456b14b019e1bb901e291193f%2FD00000000.ts%3Fseq%3D0%26pbs%3Deaa6450fe6f84caf9755449c3afa0e4c%26ptime%3D4.096%26atomic%3D1%26ohash%3DaHR0cHM6Ly9jZi1zZWN1cmUuY2RuLnVwbHluay5jb20vYWV1dzEvc2xpY2VzLzNlMS81ZDhlOWVmNjNhMjA0ZDBiOGNiNzFiNTAwOTNiZGU3ZC8zZTE2ODFjNDU2YjE0YjAxOWUxYmI5MDFlMjkxMTkzZi9EMDAwMDAwMDAudHM_cGJzPWVhYTY0NTBmZTZmODRjYWY5NzU1NDQ5YzNhZmEwZTRjJmNsb3VkPWF3cyZjZG49Y2ZpJnNpPTAmRXhwaXJlcz0xNzgxNjE5NjQyJlBvbGljeT1leUpUZEdGMFpXMWxiblFpT2x0N0lsSmxjMjkxY21ObElqb2lhSFIwY0hNNkx5OWpaaTF6WldOMWNtVXVZMlJ1TG5Wd2JIbHVheTVqYjIwdllXVjFkekV2YzJ4cFkyVnpMek5sTVM4MVpEaGxPV1ZtTmpOaE1qQTBaREJpT0dOaU56RmlOVEF3T1ROaVpHVTNaQzh6WlRFMk9ERmpORFUyWWpFMFlqQXhPV1V4WW1JNU1ERmxNamt4TVRrelppOHFjR0p6UFdWaFlUWTBOVEJtWlRabU9EUmpZV1k1TnpVMU5EUTVZek5oWm1Fd1pUUmpKbU5zYjNWa1BXRjNjeVpqWkc0OVkyWnBKbk5wUFRBaUxDSkRiMjVrYVhScGIyNGlPbnNpUkdGMFpVeGxjM05VYUdGdUlqcDdJa0ZYVXpwRmNHOWphRlJwYldVaU9qRTNPREUyTVRrMk5ESjlmWDFkZlE9PSZTaWduYXR1cmU9Y2UzYWJ4UDJCZnRDcUQwekd0NkxEVFdBT2R1ZHR3Q1JzOVRzR2VrfndmTGYzNko3bXBraWxCOUZGcmZJYnhyeEVtYkwtUnNnUnFuUHN1b3p0T2NqWEJFSFZod1haVVZoNWd2MkNrTlc4LTZ3eVFiUml4S0J6aE9NWTl0dUh0WmlkRHg4YUR-TFptS2JMY09-ZWlCV01OZHdCV1FLUGYya2YzeGRZaFZnTn5ZMlFWeWJDaHV-aHBmQ09QR3AtN0QzY3FmcE1lMjJrcEJ1UEhmSXJrQ3BTRkJ1Ui1hfjE3RVN3NFZiVTRiQWZ1R29mWGlvVDRWbEFhMnNRZmdVMzB3WnA3c0xYfkI2VVBTMExYMTNmRjFPblhTVXZWTnhPNnVjSVhzZ0gxMXNJdEczZndJUk5kb01KbTE0am9wa3k3UH5zT2I1LURtRE1Fbzl5U1V6YXdYSk53X18mS2V5LVBhaXItSWQ9SzFVUUpaNThJVVMzVDM%3D HTTP/1.1" 502 -
22:21:08 "GET /proxy/?url=https%3A%2F%2Fcontent-aaps1.uplynk.com%2Fvodredir4%2F3e1681c456b14b019e1bb901e291193f%2FD00000001.ts%3Fseq%3D1%26pbs%3Deaa6450fe6f84caf9755449c3afa0e4c%26ptime%3D8.192%26atomic%3D1%26ohash%3DaHR0cHM6Ly9jZi1zZWN1cmUuY2RuLnVwbHluay5jb20vYWV1dzEvc2xpY2VzLzNlMS81ZDhlOWVmNjNhMjA0ZDBiOGNiNzFiNTAwOTNiZGU3ZC8zZTE2ODFjNDU2YjE0YjAxOWUxYmI5MDFlMjkxMTkzZi9EMDAwMDAwMDEudHM_cGJzPWVhYTY0NTBmZTZmODRjYWY5NzU1NDQ5YzNhZmEwZTRjJmNsb3VkPWF3cyZjZG49Y2ZpJnNpPTAmRXhwaXJlcz0xNzgxNjE5NjQyJlBvbGljeT1leUpUZEdGMFpXMWxiblFpT2x0N0lsSmxjMjkxY21ObElqb2lhSFIwY0hNNkx5OWpaaTF6WldOMWNtVXVZMlJ1TG5Wd2JIbHVheTVqYjIwdllXVjFkekV2YzJ4cFkyVnpMek5sTVM4MVpEaGxPV1ZtTmpOaE1qQTBaREJpT0dOaU56RmlOVEF3T1ROaVpHVTNaQzh6WlRFMk9ERmpORFUyWWpFMFlqQXhPV1V4WW1JNU1ERmxNamt4TVRrelppOHFjR0p6UFdWaFlUWTBOVEJtWlRabU9EUmpZV1k1TnpVMU5EUTVZek5oWm1Fd1pUUmpKbU5zYjNWa1BXRjNjeVpqWkc0OVkyWnBKbk5wUFRBaUxDSkRiMjVrYVhScGIyNGlPbnNpUkdGMFpVeGxjM05VYUdGdUlqcDdJa0ZYVXpwRmNHOWphRlJwYldVaU9qRTNPREUyTVRrMk5ESjlmWDFkZlE9PSZTaWduYXR1cmU9Y2UzYWJ4UDJCZnRDcUQwekd0NkxEVFdBT2R1ZHR3Q1JzOVRzR2VrfndmTGYzNko3bXBraWxCOUZGcmZJYnhyeEVtYkwtUnNnUnFuUHN1b3p0T2NqWEJFSFZod1haVVZoNWd2MkNrTlc4LTZ3eVFiUml4S0J6aE9NWTl0dUh0WmlkRHg4YUR-TFptS2JMY09-ZWlCV01OZHdCV1FLUGYya2YzeGRZaFZnTn5ZMlFWeWJDaHV-aHBmQ09QR3AtN0QzY3FmcE1lMjJrcEJ1UEhmSXJrQ3BTRkJ1Ui1hfjE3RVN3NFZiVTRiQWZ1R29mWGlvVDRWbEFhMnNRZmdVMzB3WnA3c0xYfkI2VVBTMExYMTNmRjFPblhTVXZWTnhPNnVjSVhzZ0gxMXNJdEczZndJUk5kb01KbTE0am9wa3k3UH5zT2I1LURtRE1Fbzl5U1V6YXdYSk53X18mS2V5LVBhaXItSWQ9SzFVUUpaNThJVVMzVDM%3D HTTP/1.1" 200 -
22:21:10 "GET /proxy/?url=https%3A%2F%2Fcf-secure.cdn.uplynk.com%2Faeuw1%2Fslices%2F3e1%2F5d8e9ef63a204d0b8cb71b50093bde7d%2F3e1681c456b14b019e1bb901e291193f%2FD00000002.ts%3Fpbs%3Deaa6450fe6f84caf9755449c3afa0e4c%26cloud%3Daws%26cdn%3Dcfi%26si%3D0%26Expires%3D1781619642%26Policy%3DeyJTdGF0ZW1lbnQiOlt7IlJlc291cmNlIjoiaHR0cHM6Ly9jZi1zZWN1cmUuY2RuLnVwbHluay5jb20vYWV1dzEvc2xpY2VzLzNlMS81ZDhlOWVmNjNhMjA0ZDBiOGNiNzFiNTAwOTNiZGU3ZC8zZTE2ODFjNDU2YjE0YjAxOWUxYmI5MDFlMjkxMTkzZi8qcGJzPWVhYTY0NTBmZTZmODRjYWY5NzU1NDQ5YzNhZmEwZTRjJmNsb3VkPWF3cyZjZG49Y2ZpJnNpPTAiLCJDb25kaXRpb24iOnsiRGF0ZUxlc3NUaGFuIjp7IkFXUzpFcG9jaFRpbWUiOjE3ODE2MTk2NDJ9fX1dfQ%3D%3D%26Signature%3Dce3abxP2BftCqD0zGt6LDTWAOdudtwCRs9TsGek~wfLf36J7mpkilB9FFrfIbxrxEmbL-RsgRqnPsuoztOcjXBEHVhwXZUVh5gv2CkNW8-6wyQbRixKBzhOMY9tuHtZidDx8aD~LZmKbLcO~eiBWMNdwBWQKPf2kf3xdYhVgN~Y2QVybChu~hpfCOPGp-7D3cqfpMe22kpBuPHfIrkCpSFBuR-a~17ESw4VbU4bAfuGofXioT4VlAa2sQfgU30wZp7sLX~B6UPS0LX13fF1OnXSUvVNxO6ucIXsgH11sItG3fwIRNdoMJm14jopky7P~sOb5-DmDMEo9ySUzawXJNw__%26Key-Pair-Id%3DK1UQJZ58IUS3T3 HTTP/1.1" 200 -
22:21:11 "GET /proxy/?url=https%3A%2F%2Fcontent-aaps1.uplynk.com%2F3e1681c456b14b019e1bb901e291193f%2Fj.m3u8%3Fpbs%3Deaa6450fe6f84caf9755449c3afa0e4c HTTP/1.1" 200 -
22:21:12 "GET /proxy/?url=https%3A%2F%2Fcontent-aaps1.uplynk.com%2F3e1681c456b14b019e1bb901e291193f%2Fi.m3u8%3Fpbs%3Deaa6450fe6f84caf9755449c3afa0e4c HTTP/1.1" 200 -
22:21:12 "GET /proxy/?url=https%3A%2F%2Fcontent-aaps1.uplynk.com%2F3e1681c456b14b019e1bb901e291193f%2Fh.m3u8%3Fpbs%3Deaa6450fe6f84caf9755449c3afa0e4c HTTP/1.1" 200 -
22:21:12 "GET /proxy/?url=https%3A%2F%2Fcontent-aaps1.uplynk.com%2F3e1681c456b14b019e1bb901e291193f%2Fg.m3u8%3Fpbs%3Deaa6450fe6f84caf9755449c3afa0e4c HTTP/1.1" 200 -
22:21:12 "GET /proxy/?url=https%3A%2F%2Fcontent-aaps1.uplynk.com%2F3e1681c456b14b019e1bb901e291193f%2Ff.m3u8%3Fpbs%3Deaa6450fe6f84caf9755449c3afa0e4c HTTP/1.1" 200 -
22:21:12 "GET /proxy/?url=https%3A%2F%2Fcontent-aaps1.uplynk.com%2F3e1681c456b14b019e1bb901e291193f%2Fe.m3u8%3Fpbs%3Deaa6450fe6f84caf9755449c3afa0e4c HTTP/1.1" 200 -
22:21:13 "GET /proxy/?url=https%3A%2F%2Fcontent-aaps1.uplynk.com%2Fcheck2%3Fb%3D3e1681c456b14b019e1bb901e291193f%26v%3D3e1681c456b14b019e1bb901e291193f%26r%3De%26pbs%3Deaa6450fe6f84caf9755449c3afa0e4c HTTP/1.1" 200 -
22:21:15 "GET /proxy/?url=https%3A%2F%2Fcf-secure.cdn.uplynk.com%2Faeuw1%2Fslices%2F3e1%2F5d8e9ef63a204d0b8cb71b50093bde7d%2F3e1681c456b14b019e1bb901e291193f%2FE00000003.ts%3Fpbs%3Deaa6450fe6f84caf9755449c3afa0e4c%26cloud%3Daws%26cdn%3Dcfi%26si%3D0%26Expires%3D1781619672%26Policy%3DeyJTdGF0ZW1lbnQiOlt7IlJlc291cmNlIjoiaHR0cHM6Ly9jZi1zZWN1cmUuY2RuLnVwbHluay5jb20vYWV1dzEvc2xpY2VzLzNlMS81ZDhlOWVmNjNhMjA0ZDBiOGNiNzFiNTAwOTNiZGU3ZC8zZTE2ODFjNDU2YjE0YjAxOWUxYmI5MDFlMjkxMTkzZi8qcGJzPWVhYTY0NTBmZTZmODRjYWY5NzU1NDQ5YzNhZmEwZTRjJmNsb3VkPWF3cyZjZG49Y2ZpJnNpPTAiLCJDb25kaXRpb24iOnsiRGF0ZUxlc3NUaGFuIjp7IkFXUzpFcG9jaFRpbWUiOjE3ODE2MTk2NzJ9fX1dfQ%3D%3D%26Signature%3DQC8tNuFZOYA4eb98m8fBJlv004MRtS1BNeYr9Xpq9rGDnXm07Q~bbFv8W~S83df8ROAXSnZYYBIodh-ed6yoaUxJuoEO0Z0Vhfx2oznW6ijaT30GaWXxycduKj7AeqPr7gC9kP~sADyT2SD4fTRrZsjuNserZmXWYvm2PYm7FheQYdt4N6Zge48kGlcRAgcQBArgmL7wM1QOJZ220atvELJzqYHVqp0jZffnwaz3j4~TUhAbo3ogPA86a7vjTRQrPC6CNrgEja5XMMqHntcoy~Vau4ygDqgYCJf08DOKBancrh4n9NKW2s61KNhjjyogzWR0XHD9pb6nnGizOSDvEg__%26Key-Pair-Id%3DK1UQJZ58IUS3T3 HTTP/1.1" 200 -
22:21:18 "GET /proxy/?url=https%3A%2F%2Fcf-secure.cdn.uplynk.com%2Faeuw1%2Fslices%2F3e1%2F5d8e9ef63a204d0b8cb71b50093bde7d%2F3e1681c456b14b019e1bb901e291193f%2FE00000004.ts%3Fpbs%3Deaa6450fe6f84caf9755449c3afa0e4c%26cloud%3Daws%26cdn%3Dcfi%26si%3D0%26Expires%3D1781619672%26Policy%3DeyJTdGF0ZW1lbnQiOlt7IlJlc291cmNlIjoiaHR0cHM6Ly9jZi1zZWN1cmUuY2RuLnVwbHluay5jb20vYWV1dzEvc2xpY2VzLzNlMS81ZDhlOWVmNjNhMjA0ZDBiOGNiNzFiNTAwOTNiZGU3ZC8zZTE2ODFjNDU2YjE0YjAxOWUxYmI5MDFlMjkxMTkzZi8qcGJzPWVhYTY0NTBmZTZmODRjYWY5NzU1NDQ5YzNhZmEwZTRjJmNsb3VkPWF3cyZjZG49Y2ZpJnNpPTAiLCJDb25kaXRpb24iOnsiRGF0ZUxlc3NUaGFuIjp7IkFXUzpFcG9jaFRpbWUiOjE3ODE2MTk2NzJ9fX1dfQ%3D%3D%26Signature%3DQC8tNuFZOYA4eb98m8fBJlv004MRtS1BNeYr9Xpq9rGDnXm07Q~bbFv8W~S83df8ROAXSnZYYBIodh-ed6yoaUxJuoEO0Z0Vhfx2oznW6ijaT30GaWXxycduKj7AeqPr7gC9kP~sADyT2SD4fTRrZsjuNserZmXWYvm2PYm7FheQYdt4N6Zge48kGlcRAgcQBArgmL7wM1QOJZ220atvELJzqYHVqp0jZffnwaz3j4~TUhAbo3ogPA86a7vjTRQrPC6CNrgEja5XMMqHntcoy~Vau4ygDqgYCJf08DOKBancrh4n9NKW2s61KNhjjyogzWR0XHD9pb6nnGizOSDvEg__%26Key-Pair-Id%3DK1UQJZ58IUS3T3 HTTP/1.1" 200 -
22:21:19 "GET /proxy/?url=https%3A%2F%2Fcontent-aaps1.uplynk.com%2F3e1681c456b14b019e1bb901e291193f%2Fj.m3u8%3Fpbs%3Deaa6450fe6f84caf9755449c3afa0e4c HTTP/1.1" 200 -
22:21:19 "GET /proxy/?url=https%3A%2F%2Fcontent-aaps1.uplynk.com%2Fcheck2%3Fb%3D3e1681c456b14b019e1bb901e291193f%26v%3D3e1681c456b14b019e1bb901e291193f%26r%3Dj%26pbs%3Deaa6450fe6f84caf9755449c3afa0e4c HTTP/1.1" 200 -
22:21:22 "GET /proxy/?url=https%3A%2F%2Fcf-secure.cdn.uplynk.com%2Faeuw1%2Fslices%2F3e1%2F5d8e9ef63a204d0b8cb71b50093bde7d%2F3e1681c456b14b019e1bb901e291193f%2FJ00000004.ts%3Fpbs%3Deaa6450fe6f84caf9755449c3afa0e4c%26cloud%3Daws%26cdn%3Dcfi%26si%3D0%26Expires%3D1781619679%26Policy%3DeyJTdGF0ZW1lbnQiOlt7IlJlc291cmNlIjoiaHR0cHM6Ly9jZi1zZWN1cmUuY2RuLnVwbHluay5jb20vYWV1dzEvc2xpY2VzLzNlMS81ZDhlOWVmNjNhMjA0ZDBiOGNiNzFiNTAwOTNiZGU3ZC8zZTE2ODFjNDU2YjE0YjAxOWUxYmI5MDFlMjkxMTkzZi8qcGJzPWVhYTY0NTBmZTZmODRjYWY5NzU1NDQ5YzNhZmEwZTRjJmNsb3VkPWF3cyZjZG49Y2ZpJnNpPTAiLCJDb25kaXRpb24iOnsiRGF0ZUxlc3NUaGFuIjp7IkFXUzpFcG9jaFRpbWUiOjE3ODE2MTk2Nzl9fX1dfQ%3D%3D%26Signature%3DaGpxITqk7oG~v0qyJKjqJDxbcE-G6KhZ7umtiIEMk~1Hjs7e4g6vklESbAB89kskKcKyyQBcWUD7yhMuNGwf6SeV1bqtHBYKfJiKlURG1fUGi7cVkuyxzyjv2hY9VJ8H-0ht5Uv2X3FOMl9zLIT5PZKsjnqtae8ND9TeqYgDsTlCGpX3g3VjNQjgy6AM~ZETsLC6AdiTrm64tlBmPNHhmju6iMTeaxOFZR2OujacN3J~cV4qk6pQKAswYoWSND~VR1eHBnyc6W~SMRcT3imJkJ4e49OFAXsoxwoWeejSD~rZYpj9WqyWNIC86wZlTcTGouVOnheJ23pzVmY9qjSCNQ__%26Key-Pair-Id%3DK1UQJZ58IUS3T3 HTTP/1.1" 200 -
22:21:27 code 502, message Proxy error: <urlopen error _ssl.c:993: The handshake operation timed out>
22:21:27 "GET /proxy/?url=https%3A%2F%2Fcf-secure.cdn.uplynk.com%2Faeuw1%2Fslices%2F3e1%2F5d8e9ef63a204d0b8cb71b50093bde7d%2F3e1681c456b14b019e1bb901e291193f%2FD00000003.ts%3Fpbs%3Deaa6450fe6f84caf9755449c3afa0e4c%26cloud%3Daws%26cdn%3Dcfi%26si%3D0%26Expires%3D1781619642%26Policy%3DeyJTdGF0ZW1lbnQiOlt7IlJlc291cmNlIjoiaHR0cHM6Ly9jZi1zZWN1cmUuY2RuLnVwbHluay5jb20vYWV1dzEvc2xpY2VzLzNlMS81ZDhlOWVmNjNhMjA0ZDBiOGNiNzFiNTAwOTNiZGU3ZC8zZTE2ODFjNDU2YjE0YjAxOWUxYmI5MDFlMjkxMTkzZi8qcGJzPWVhYTY0NTBmZTZmODRjYWY5NzU1NDQ5YzNhZmEwZTRjJmNsb3VkPWF3cyZjZG49Y2ZpJnNpPTAiLCJDb25kaXRpb24iOnsiRGF0ZUxlc3NUaGFuIjp7IkFXUzpFcG9jaFRpbWUiOjE3ODE2MTk2NDJ9fX1dfQ%3D%3D%26Signature%3Dce3abxP2BftCqD0zGt6LDTWAOdudtwCRs9TsGek~wfLf36J7mpkilB9FFrfIbxrxEmbL-RsgRqnPsuoztOcjXBEHVhwXZUVh5gv2CkNW8-6wyQbRixKBzhOMY9tuHtZidDx8aD~LZmKbLcO~eiBWMNdwBWQKPf2kf3xdYhVgN~Y2QVybChu~hpfCOPGp-7D3cqfpMe22kpBuPHfIrkCpSFBuR-a~17ESw4VbU4bAfuGofXioT4VlAa2sQfgU30wZp7sLX~B6UPS0LX13fF1OnXSUvVNxO6ucIXsgH11sItG3fwIRNdoMJm14jopky7P~sOb5-DmDMEo9ySUzawXJNw__%26Key-Pair-Id%3DK1UQJZ58IUS3T3 HTTP/1.1" 502 -
22:21:28 "GET /proxy/?url=https%3A%2F%2Fcf-secure.cdn.uplynk.com%2Faeuw1%2Fslices%2F3e1%2F5d8e9ef63a204d0b8cb71b50093bde7d%2F3e1681c456b14b019e1bb901e291193f%2FE00000005.ts%3Fpbs%3Deaa6450fe6f84caf9755449c3afa0e4c%26cloud%3Daws%26cdn%3Dcfi%26si%3D0%26Expires%3D1781619672%26Policy%3DeyJTdGF0ZW1lbnQiOlt7IlJlc291cmNlIjoiaHR0cHM6Ly9jZi1zZWN1cmUuY2RuLnVwbHluay5jb20vYWV1dzEvc2xpY2VzLzNlMS81ZDhlOWVmNjNhMjA0ZDBiOGNiNzFiNTAwOTNiZGU3ZC8zZTE2ODFjNDU2YjE0YjAxOWUxYmI5MDFlMjkxMTkzZi8qcGJzPWVhYTY0NTBmZTZmODRjYWY5NzU1NDQ5YzNhZmEwZTRjJmNsb3VkPWF3cyZjZG49Y2ZpJnNpPTAiLCJDb25kaXRpb24iOnsiRGF0ZUxlc3NUaGFuIjp7IkFXUzpFcG9jaFRpbWUiOjE3ODE2MTk2NzJ9fX1dfQ%3D%3D%26Signature%3DQC8tNuFZOYA4eb98m8fBJlv004MRtS1BNeYr9Xpq9rGDnXm07Q~bbFv8W~S83df8ROAXSnZYYBIodh-ed6yoaUxJuoEO0Z0Vhfx2oznW6ijaT30GaWXxycduKj7AeqPr7gC9kP~sADyT2SD4fTRrZsjuNserZmXWYvm2PYm7FheQYdt4N6Zge48kGlcRAgcQBArgmL7wM1QOJZ220atvELJzqYHVqp0jZffnwaz3j4~TUhAbo3ogPA86a7vjTRQrPC6CNrgEja5XMMqHntcoy~Vau4ygDqgYCJf08DOKBancrh4n9NKW2s61KNhjjyogzWR0XHD9pb6nnGizOSDvEg__%26Key-Pair-Id%3DK1UQJZ58IUS3T3 HTTP/1.1" 200 -
22:21:32 "GET /proxy/?url=https%3A%2F%2Fcf-secure.cdn.uplynk.com%2Faeuw1%2Fslices%2F3e1%2F5d8e9ef63a204d0b8cb71b50093bde7d%2F3e1681c456b14b019e1bb901e291193f%2FE00000006.ts%3Fpbs%3Deaa6450fe6f84caf9755449c3afa0e4c%26cloud%3Daws%26cdn%3Dcfi%26si%3D0%26Expires%3D1781619672%26Policy%3DeyJTdGF0ZW1lbnQiOlt7IlJlc291cmNlIjoiaHR0cHM6Ly9jZi1zZWN1cmUuY2RuLnVwbHluay5jb20vYWV1dzEvc2xpY2VzLzNlMS81ZDhlOWVmNjNhMjA0ZDBiOGNiNzFiNTAwOTNiZGU3ZC8zZTE2ODFjNDU2YjE0YjAxOWUxYmI5MDFlMjkxMTkzZi8qcGJzPWVhYTY0NTBmZTZmODRjYWY5NzU1NDQ5YzNhZmEwZTRjJmNsb3VkPWF3cyZjZG49Y2ZpJnNpPTAiLCJDb25kaXRpb24iOnsiRGF0ZUxlc3NUaGFuIjp7IkFXUzpFcG9jaFRpbWUiOjE3ODE2MTk2NzJ9fX1dfQ%3D%3D%26Signature%3DQC8tNuFZOYA4eb98m8fBJlv004MRtS1BNeYr9Xpq9rGDnXm07Q~bbFv8W~S83df8ROAXSnZYYBIodh-ed6yoaUxJuoEO0Z0Vhfx2oznW6ijaT30GaWXxycduKj7AeqPr7gC9kP~sADyT2SD4fTRrZsjuNserZmXWYvm2PYm7FheQYdt4N6Zge48kGlcRAgcQBArgmL7wM1QOJZ220atvELJzqYHVqp0jZffnwaz3j4~TUhAbo3ogPA86a7vjTRQrPC6CNrgEja5XMMqHntcoy~Vau4ygDqgYCJf08DOKBancrh4n9NKW2s61KNhjjyogzWR0XHD9pb6nnGizOSDvEg__%26Key-Pair-Id%3DK1UQJZ58IUS3T3 HTTP/1.1" 200 -
22:21:34 "GET /proxy/?url=https%3A%2F%2Fcf-secure.cdn.uplynk.com%2Faeuw1%2Fslices%2F3e1%2F5d8e9ef63a204d0b8cb71b50093bde7d%2F3e1681c456b14b019e1bb901e291193f%2FE00000007.ts%3Fpbs%3Deaa6450fe6f84caf9755449c3afa0e4c%26cloud%3Daws%26cdn%3Dcfi%26si%3D0%26Expires%3D1781619672%26Policy%3DeyJTdGF0ZW1lbnQiOlt7IlJlc291cmNlIjoiaHR0cHM6Ly9jZi1zZWN1cmUuY2RuLnVwbHluay5jb20vYWV1dzEvc2xpY2VzLzNlMS81ZDhlOWVmNjNhMjA0ZDBiOGNiNzFiNTAwOTNiZGU3ZC8zZTE2ODFjNDU2YjE0YjAxOWUxYmI5MDFlMjkxMTkzZi8qcGJzPWVhYTY0NTBmZTZmODRjYWY5NzU1NDQ5YzNhZmEwZTRjJmNsb3VkPWF3cyZjZG49Y2ZpJnNpPTAiLCJDb25kaXRpb24iOnsiRGF0ZUxlc3NUaGFuIjp7IkFXUzpFcG9jaFRpbWUiOjE3ODE2MTk2NzJ9fX1dfQ%3D%3D%26Signature%3DQC8tNuFZOYA4eb98m8fBJlv004MRtS1BNeYr9Xpq9rGDnXm07Q~bbFv8W~S83df8ROAXSnZYYBIodh-ed6yoaUxJuoEO0Z0Vhfx2oznW6ijaT30GaWXxycduKj7AeqPr7gC9kP~sADyT2SD4fTRrZsjuNserZmXWYvm2PYm7FheQYdt4N6Zge48kGlcRAgcQBArgmL7wM1QOJZ220atvELJzqYHVqp0jZffnwaz3j4~TUhAbo3ogPA86a7vjTRQrPC6CNrgEja5XMMqHntcoy~Vau4ygDqgYCJf08DOKBancrh4n9NKW2s61KNhjjyogzWR0XHD9pb6nnGizOSDvEg__%26Key-Pair-Id%3DK1UQJZ58IUS3T3 HTTP/1.1" 200 -
22:21:38 "GET /proxy/?url=https%3A%2F%2Fcf-secure.cdn.uplynk.com%2Faeuw1%2Fslices%2F3e1%2F5d8e9ef63a204d0b8cb71b50093bde7d%2F3e1681c456b14b019e1bb901e291193f%2FE00000008.ts%3Fpbs%3Deaa6450fe6f84caf9755449c3afa0e4c%26cloud%3Daws%26cdn%3Dcfi%26si%3D0%26Expires%3D1781619672%26Policy%3DeyJTdGF0ZW1lbnQiOlt7IlJlc291cmNlIjoiaHR0cHM6Ly9jZi1zZWN1cmUuY2RuLnVwbHluay5jb20vYWV1dzEvc2xpY2VzLzNlMS81ZDhlOWVmNjNhMjA0ZDBiOGNiNzFiNTAwOTNiZGU3ZC8zZTE2ODFjNDU2YjE0YjAxOWUxYmI5MDFlMjkxMTkzZi8qcGJzPWVhYTY0NTBmZTZmODRjYWY5NzU1NDQ5YzNhZmEwZTRjJmNsb3VkPWF3cyZjZG49Y2ZpJnNpPTAiLCJDb25kaXRpb24iOnsiRGF0ZUxlc3NUaGFuIjp7IkFXUzpFcG9jaFRpbWUiOjE3ODE2MTk2NzJ9fX1dfQ%3D%3D%26Signature%3DQC8tNuFZOYA4eb98m8fBJlv004MRtS1BNeYr9Xpq9rGDnXm07Q~bbFv8W~S83df8ROAXSnZYYBIodh-ed6yoaUxJuoEO0Z0Vhfx2oznW6ijaT30GaWXxycduKj7AeqPr7gC9kP~sADyT2SD4fTRrZsjuNserZmXWYvm2PYm7FheQYdt4N6Zge48kGlcRAgcQBArgmL7wM1QOJZ220atvELJzqYHVqp0jZffnwaz3j4~TUhAbo3ogPA86a7vjTRQrPC6CNrgEja5XMMqHntcoy~Vau4ygDqgYCJf08DOKBancrh4n9NKW2s61KNhjjyogzWR0XHD9pb6nnGizOSDvEg__%26Key-Pair-Id%3DK1UQJZ58IUS3T3 HTTP/1.1" 200 -
22:21:38 "GET /proxy/?url=https%3A%2F%2Fcontent-aaps1.uplynk.com%2F3e1681c456b14b019e1bb901e291193f%2Fb.m3u8%3Fpbs%3Deaa6450fe6f84caf9755449c3afa0e4c HTTP/1.1" 200 -
22:21:39 "GET /proxy/?url=https%3A%2F%2Fcontent-aaps1.uplynk.com%2Fcheck2%3Fb%3D3e1681c456b14b019e1bb901e291193f%26v%3D3e1681c456b14b019e1bb901e291193f%26r%3Db%26pbs%3Deaa6450fe6f84caf9755449c3afa0e4c HTTP/1.1" 200 -
22:21:41 "GET /proxy/?url=https%3A%2F%2Fcf-secure.cdn.uplynk.com%2Faeuw1%2Fslices%2F3e1%2F5d8e9ef63a204d0b8cb71b50093bde7d%2F3e1681c456b14b019e1bb901e291193f%2FB00000008.ts%3Fpbs%3Deaa6450fe6f84caf9755449c3afa0e4c%26cloud%3Daws%26cdn%3Dcfi%26si%3D0%26Expires%3D1781619698%26Policy%3DeyJTdGF0ZW1lbnQiOlt7IlJlc291cmNlIjoiaHR0cHM6Ly9jZi1zZWN1cmUuY2RuLnVwbHluay5jb20vYWV1dzEvc2xpY2VzLzNlMS81ZDhlOWVmNjNhMjA0ZDBiOGNiNzFiNTAwOTNiZGU3ZC8zZTE2ODFjNDU2YjE0YjAxOWUxYmI5MDFlMjkxMTkzZi8qcGJzPWVhYTY0NTBmZTZmODRjYWY5NzU1NDQ5YzNhZmEwZTRjJmNsb3VkPWF3cyZjZG49Y2ZpJnNpPTAiLCJDb25kaXRpb24iOnsiRGF0ZUxlc3NUaGFuIjp7IkFXUzpFcG9jaFRpbWUiOjE3ODE2MTk2OTh9fX1dfQ%3D%3D%26Signature%3DFBJY84rN10Gt9xtOvpjdTEw2becAZU3T1BFvbS9GL64NQDwc4x6lVWC6AcVAJmda9RovoN9PPGyGLS8Lyrb87VRLCgHGggQ~Vlkt1G~~wphi6PfdZyR4tvZTO7lBsETPvu9bmZJHdBN1bBLfQtUPY0~PKjmFCNdvTkiVLwraKdiuHUnda2WjSFZeS9jLwPz2euE3JTmyMxqrJtBrmdBre9KkDJ7kq3XYV7hmDeghNQZQJIgW5CQAVqE3V7Rb6qjSie6M2LiwHhqx2NDvBKHOjpOYXrzfQbOH6mnlUAOFyFzGsH-MCYiwXyUZyu7H62n-g~-9c0lj~Ul-Yd-CPV0YMw__%26Key-Pair-Id%3DK1UQJZ58IUS3T3 HTTP/1.1" 200 -
22:21:45 "GET /proxy/?url=https%3A%2F%2Fcontent-aaps1.uplynk.com%2F3e1681c456b14b019e1bb901e291193f%2Fa.m3u8%3Fpbs%3Deaa6450fe6f84caf9755449c3afa0e4c HTTP/1.1" 200 -
22:21:45 "GET /proxy/?url=https%3A%2F%2Fcontent-aaps1.uplynk.com%2Fcheck2%3Fb%3D3e1681c456b14b019e1bb901e291193f%26v%3D3e1681c456b14b019e1bb901e291193f%26r%3Da%26pbs%3Deaa6450fe6f84caf9755449c3afa0e4c HTTP/1.1" 200 -
22:21:46 "GET /proxy/?url=https%3A%2F%2Fcf-secure.cdn.uplynk.com%2Faeuw1%2Fslices%2F3e1%2F5d8e9ef63a204d0b8cb71b50093bde7d%2F3e1681c456b14b019e1bb901e291193f%2FJ00000009.ts%3Fpbs%3Deaa6450fe6f84caf9755449c3afa0e4c%26cloud%3Daws%26cdn%3Dcfi%26si%3D0%26Expires%3D1781619679%26Policy%3DeyJTdGF0ZW1lbnQiOlt7IlJlc291cmNlIjoiaHR0cHM6Ly9jZi1zZWN1cmUuY2RuLnVwbHluay5jb20vYWV1dzEvc2xpY2VzLzNlMS81ZDhlOWVmNjNhMjA0ZDBiOGNiNzFiNTAwOTNiZGU3ZC8zZTE2ODFjNDU2YjE0YjAxOWUxYmI5MDFlMjkxMTkzZi8qcGJzPWVhYTY0NTBmZTZmODRjYWY5NzU1NDQ5YzNhZmEwZTRjJmNsb3VkPWF3cyZjZG49Y2ZpJnNpPTAiLCJDb25kaXRpb24iOnsiRGF0ZUxlc3NUaGFuIjp7IkFXUzpFcG9jaFRpbWUiOjE3ODE2MTk2Nzl9fX1dfQ%3D%3D%26Signature%3DaGpxITqk7oG~v0qyJKjqJDxbcE-G6KhZ7umtiIEMk~1Hjs7e4g6vklESbAB89kskKcKyyQBcWUD7yhMuNGwf6SeV1bqtHBYKfJiKlURG1fUGi7cVkuyxzyjv2hY9VJ8H-0ht5Uv2X3FOMl9zLIT5PZKsjnqtae8ND9TeqYgDsTlCGpX3g3VjNQjgy6AM~ZETsLC6AdiTrm64tlBmPNHhmju6iMTeaxOFZR2OujacN3J~cV4qk6pQKAswYoWSND~VR1eHBnyc6W~SMRcT3imJkJ4e49OFAXsoxwoWeejSD~rZYpj9WqyWNIC86wZlTcTGouVOnheJ23pzVmY9qjSCNQ__%26Key-Pair-Id%3DK1UQJZ58IUS3T3 HTTP/1.1" 200 -
22:21:46 "GET /proxy/?url=https%3A%2F%2Fcf-secure.cdn.uplynk.com%2Faeuw1%2Fslices%2F3e1%2F5d8e9ef63a204d0b8cb71b50093bde7d%2F3e1681c456b14b019e1bb901e291193f%2FA00000008.ts%3Fpbs%3Deaa6450fe6f84caf9755449c3afa0e4c%26cloud%3Daws%26cdn%3Dcfi%26si%3D0%26Expires%3D1781619705%26Policy%3DeyJTdGF0ZW1lbnQiOlt7IlJlc291cmNlIjoiaHR0cHM6Ly9jZi1zZWN1cmUuY2RuLnVwbHluay5jb20vYWV1dzEvc2xpY2VzLzNlMS81ZDhlOWVmNjNhMjA0ZDBiOGNiNzFiNTAwOTNiZGU3ZC8zZTE2ODFjNDU2YjE0YjAxOWUxYmI5MDFlMjkxMTkzZi8qcGJzPWVhYTY0NTBmZTZmODRjYWY5NzU1NDQ5YzNhZmEwZTRjJmNsb3VkPWF3cyZjZG49Y2ZpJnNpPTAiLCJDb25kaXRpb24iOnsiRGF0ZUxlc3NUaGFuIjp7IkFXUzpFcG9jaFRpbWUiOjE3ODE2MTk3MDV9fX1dfQ%3D%3D%26Signature%3DtdAr7ml5tXlZwchEn4Dg-VW3iRc5Rx5AbSapbk10Ag-UHg1zSMRgrg7LLJEayLa9MGWnY2QDeZVXGGZNDAxOzeTitT2vPrLHfU4RhNWYni6Fpo0-VlBhjZ5HrsqUgLx2vaisBD2F8Snbs6asdXWk18iRnnuJORkSIB-PcyRo61iwl75l00ATcaB5ry7Z7THSueK1a-bEy1h9mjdytAd3rxsvB2GOtkTiHKfehIN5mRHdnpMx7Xn1S3B0BnQbxvfKkHTWiVkoZbYStMUKBcdUtkg3oAvj4TKafm9Jj7dR32iQ9~A6OyFsDHEXBI9M36YazB0W0hywh~R3nPzNZQ0OoA__%26Key-Pair-Id%3DK1UQJZ58IUS3T3 HTTP/1.1" 200 -
22:21:50 "GET /proxy/?url=https%3A%2F%2Fcf-secure.cdn.uplynk.com%2Faeuw1%2Fslices%2F3e1%2F5d8e9ef63a204d0b8cb71b50093bde7d%2F3e1681c456b14b019e1bb901e291193f%2FA00000009.ts%3Fpbs%3Deaa6450fe6f84caf9755449c3afa0e4c%26cloud%3Daws%26cdn%3Dcfi%26si%3D0%26Expires%3D1781619705%26Policy%3DeyJTdGF0ZW1lbnQiOlt7IlJlc291cmNlIjoiaHR0cHM6Ly9jZi1zZWN1cmUuY2RuLnVwbHluay5jb20vYWV1dzEvc2xpY2VzLzNlMS81ZDhlOWVmNjNhMjA0ZDBiOGNiNzFiNTAwOTNiZGU3ZC8zZTE2ODFjNDU2YjE0YjAxOWUxYmI5MDFlMjkxMTkzZi8qcGJzPWVhYTY0NTBmZTZmODRjYWY5NzU1NDQ5YzNhZmEwZTRjJmNsb3VkPWF3cyZjZG49Y2ZpJnNpPTAiLCJDb25kaXRpb24iOnsiRGF0ZUxlc3NUaGFuIjp7IkFXUzpFcG9jaFRpbWUiOjE3ODE2MTk3MDV9fX1dfQ%3D%3D%26Signature%3DtdAr7ml5tXlZwchEn4Dg-VW3iRc5Rx5AbSapbk10Ag-UHg1zSMRgrg7LLJEayLa9MGWnY2QDeZVXGGZNDAxOzeTitT2vPrLHfU4RhNWYni6Fpo0-VlBhjZ5HrsqUgLx2vaisBD2F8Snbs6asdXWk18iRnnuJORkSIB-PcyRo61iwl75l00ATcaB5ry7Z7THSueK1a-bEy1h9mjdytAd3rxsvB2GOtkTiHKfehIN5mRHdnpMx7Xn1S3B0BnQbxvfKkHTWiVkoZbYStMUKBcdUtkg3oAvj4TKafm9Jj7dR32iQ9~A6OyFsDHEXBI9M36YazB0W0hywh~R3nPzNZQ0OoA__%26Key-Pair-Id%3DK1UQJZ58IUS3T3 HTTP/1.1" 200 -
22:21:54 "GET /proxy/?url=https%3A%2F%2Fcf-secure.cdn.uplynk.com%2Faeuw1%2Fslices%2F3e1%2F5d8e9ef63a204d0b8cb71b50093bde7d%2F3e1681c456b14b019e1bb901e291193f%2FJ00000009.ts%3Fpbs%3Deaa6450fe6f84caf9755449c3afa0e4c%26cloud%3Daws%26cdn%3Dcfi%26si%3D0%26Expires%3D1781619679%26Policy%3DeyJTdGF0ZW1lbnQiOlt7IlJlc291cmNlIjoiaHR0cHM6Ly9jZi1zZWN1cmUuY2RuLnVwbHluay5jb20vYWV1dzEvc2xpY2VzLzNlMS81ZDhlOWVmNjNhMjA0ZDBiOGNiNzFiNTAwOTNiZGU3ZC8zZTE2ODFjNDU2YjE0YjAxOWUxYmI5MDFlMjkxMTkzZi8qcGJzPWVhYTY0NTBmZTZmODRjYWY5NzU1NDQ5YzNhZmEwZTRjJmNsb3VkPWF3cyZjZG49Y2ZpJnNpPTAiLCJDb25kaXRpb24iOnsiRGF0ZUxlc3NUaGFuIjp7IkFXUzpFcG9jaFRpbWUiOjE3ODE2MTk2Nzl9fX1dfQ%3D%3D%26Signature%3DaGpxITqk7oG~v0qyJKjqJDxbcE-G6KhZ7umtiIEMk~1Hjs7e4g6vklESbAB89kskKcKyyQBcWUD7yhMuNGwf6SeV1bqtHBYKfJiKlURG1fUGi7cVkuyxzyjv2hY9VJ8H-0ht5Uv2X3FOMl9zLIT5PZKsjnqtae8ND9TeqYgDsTlCGpX3g3VjNQjgy6AM~ZETsLC6AdiTrm64tlBmPNHhmju6iMTeaxOFZR2OujacN3J~cV4qk6pQKAswYoWSND~VR1eHBnyc6W~SMRcT3imJkJ4e49OFAXsoxwoWeejSD~rZYpj9WqyWNIC86wZlTcTGouVOnheJ23pzVmY9qjSCNQ__%26Key-Pair-Id%3DK1UQJZ58IUS3T3 HTTP/1.1" 200 -
22:21:54 "GET /proxy/?url=https%3A%2F%2Fcf-secure.cdn.uplynk.com%2Faeuw1%2Fslices%2F3e1%2F5d8e9ef63a204d0b8cb71b50093bde7d%2F3e1681c456b14b019e1bb901e291193f%2FB00000009.ts%3Fpbs%3Deaa6450fe6f84caf9755449c3afa0e4c%26cloud%3Daws%26cdn%3Dcfi%26si%3D0%26Expires%3D1781619698%26Policy%3DeyJTdGF0ZW1lbnQiOlt7IlJlc291cmNlIjoiaHR0cHM6Ly9jZi1zZWN1cmUuY2RuLnVwbHluay5jb20vYWV1dzEvc2xpY2VzLzNlMS81ZDhlOWVmNjNhMjA0ZDBiOGNiNzFiNTAwOTNiZGU3ZC8zZTE2ODFjNDU2YjE0YjAxOWUxYmI5MDFlMjkxMTkzZi8qcGJzPWVhYTY0NTBmZTZmODRjYWY5NzU1NDQ5YzNhZmEwZTRjJmNsb3VkPWF3cyZjZG49Y2ZpJnNpPTAiLCJDb25kaXRpb24iOnsiRGF0ZUxlc3NUaGFuIjp7IkFXUzpFcG9jaFRpbWUiOjE3ODE2MTk2OTh9fX1dfQ%3D%3D%26Signature%3DFBJY84rN10Gt9xtOvpjdTEw2becAZU3T1BFvbS9GL64NQDwc4x6lVWC6AcVAJmda9RovoN9PPGyGLS8Lyrb87VRLCgHGggQ~Vlkt1G~~wphi6PfdZyR4tvZTO7lBsETPvu9bmZJHdBN1bBLfQtUPY0~PKjmFCNdvTkiVLwraKdiuHUnda2WjSFZeS9jLwPz2euE3JTmyMxqrJtBrmdBre9KkDJ7kq3XYV7hmDeghNQZQJIgW5CQAVqE3V7Rb6qjSie6M2LiwHhqx2NDvBKHOjpOYXrzfQbOH6mnlUAOFyFzGsH-MCYiwXyUZyu7H62n-g~-9c0lj~Ul-Yd-CPV0YMw__%26Key-Pair-Id%3DK1UQJZ58IUS3T3 HTTP/1.1" 200 -
22:21:55 "GET /proxy/?url=https%3A%2F%2Fcf-secure.cdn.uplynk.com%2Faeuw1%2Fslices%2F3e1%2F5d8e9ef63a204d0b8cb71b50093bde7d%2F3e1681c456b14b019e1bb901e291193f%2FJ00000009.ts%3Fpbs%3Deaa6450fe6f84caf9755449c3afa0e4c%26cloud%3Daws%26cdn%3Dcfi%26si%3D0%26Expires%3D1781619679%26Policy%3DeyJTdGF0ZW1lbnQiOlt7IlJlc291cmNlIjoiaHR0cHM6Ly9jZi1zZWN1cmUuY2RuLnVwbHluay5jb20vYWV1dzEvc2xpY2VzLzNlMS81ZDhlOWVmNjNhMjA0ZDBiOGNiNzFiNTAwOTNiZGU3ZC8zZTE2ODFjNDU2YjE0YjAxOWUxYmI5MDFlMjkxMTkzZi8qcGJzPWVhYTY0NTBmZTZmODRjYWY5NzU1NDQ5YzNhZmEwZTRjJmNsb3VkPWF3cyZjZG49Y2ZpJnNpPTAiLCJDb25kaXRpb24iOnsiRGF0ZUxlc3NUaGFuIjp7IkFXUzpFcG9jaFRpbWUiOjE3ODE2MTk2Nzl9fX1dfQ%3D%3D%26Signature%3DaGpxITqk7oG~v0qyJKjqJDxbcE-G6KhZ7umtiIEMk~1Hjs7e4g6vklESbAB89kskKcKyyQBcWUD7yhMuNGwf6SeV1bqtHBYKfJiKlURG1fUGi7cVkuyxzyjv2hY9VJ8H-0ht5Uv2X3FOMl9zLIT5PZKsjnqtae8ND9TeqYgDsTlCGpX3g3VjNQjgy6AM~ZETsLC6AdiTrm64tlBmPNHhmju6iMTeaxOFZR2OujacN3J~cV4qk6pQKAswYoWSND~VR1eHBnyc6W~SMRcT3imJkJ4e49OFAXsoxwoWeejSD~rZYpj9WqyWNIC86wZlTcTGouVOnheJ23pzVmY9qjSCNQ__%26Key-Pair-Id%3DK1UQJZ58IUS3T3 HTTP/1.1" 200 -
22:21:58 "GET /proxy/?url=https%3A%2F%2Fcf-secure.cdn.uplynk.com%2Faeuw1%2Fslices%2F3e1%2F5d8e9ef63a204d0b8cb71b50093bde7d%2F3e1681c456b14b019e1bb901e291193f%2FA0000000A.ts%3Fpbs%3Deaa6450fe6f84caf9755449c3afa0e4c%26cloud%3Daws%26cdn%3Dcfi%26si%3D0%26Expires%3D1781619705%26Policy%3DeyJTdGF0ZW1lbnQiOlt7IlJlc291cmNlIjoiaHR0cHM6Ly9jZi1zZWN1cmUuY2RuLnVwbHluay5jb20vYWV1dzEvc2xpY2VzLzNlMS81ZDhlOWVmNjNhMjA0ZDBiOGNiNzFiNTAwOTNiZGU3ZC8zZTE2ODFjNDU2YjE0YjAxOWUxYmI5MDFlMjkxMTkzZi8qcGJzPWVhYTY0NTBmZTZmODRjYWY5NzU1NDQ5YzNhZmEwZTRjJmNsb3VkPWF3cyZjZG49Y2ZpJnNpPTAiLCJDb25kaXRpb24iOnsiRGF0ZUxlc3NUaGFuIjp7IkFXUzpFcG9jaFRpbWUiOjE3ODE2MTk3MDV9fX1dfQ%3D%3D%26Signature%3DtdAr7ml5tXlZwchEn4Dg-VW3iRc5Rx5AbSapbk10Ag-UHg1zSMRgrg7LLJEayLa9MGWnY2QDeZVXGGZNDAxOzeTitT2vPrLHfU4RhNWYni6Fpo0-VlBhjZ5HrsqUgLx2vaisBD2F8Snbs6asdXWk18iRnnuJORkSIB-PcyRo61iwl75l00ATcaB5ry7Z7THSueK1a-bEy1h9mjdytAd3rxsvB2GOtkTiHKfehIN5mRHdnpMx7Xn1S3B0BnQbxvfKkHTWiVkoZbYStMUKBcdUtkg3oAvj4TKafm9Jj7dR32iQ9~A6OyFsDHEXBI9M36YazB0W0hywh~R3nPzNZQ0OoA__%26Key-Pair-Id%3DK1UQJZ58IUS3T3 HTTP/1.1" 200 -
22:21:59 "GET /proxy/?url=https%3A%2F%2Fcf-secure.cdn.uplynk.com%2Faeuw1%2Fslices%2F3e1%2F5d8e9ef63a204d0b8cb71b50093bde7d%2F3e1681c456b14b019e1bb901e291193f%2FJ00000009.ts%3Fpbs%3Deaa6450fe6f84caf9755449c3afa0e4c%26cloud%3Daws%26cdn%3Dcfi%26si%3D0%26Expires%3D1781619679%26Policy%3DeyJTdGF0ZW1lbnQiOlt7IlJlc291cmNlIjoiaHR0cHM6Ly9jZi1zZWN1cmUuY2RuLnVwbHluay5jb20vYWV1dzEvc2xpY2VzLzNlMS81ZDhlOWVmNjNhMjA0ZDBiOGNiNzFiNTAwOTNiZGU3ZC8zZTE2ODFjNDU2YjE0YjAxOWUxYmI5MDFlMjkxMTkzZi8qcGJzPWVhYTY0NTBmZTZmODRjYWY5NzU1NDQ5YzNhZmEwZTRjJmNsb3VkPWF3cyZjZG49Y2ZpJnNpPTAiLCJDb25kaXRpb24iOnsiRGF0ZUxlc3NUaGFuIjp7IkFXUzpFcG9jaFRpbWUiOjE3ODE2MTk2Nzl9fX1dfQ%3D%3D%26Signature%3DaGpxITqk7oG~v0qyJKjqJDxbcE-G6KhZ7umtiIEMk~1Hjs7e4g6vklESbAB89kskKcKyyQBcWUD7yhMuNGwf6SeV1bqtHBYKfJiKlURG1fUGi7cVkuyxzyjv2hY9VJ8H-0ht5Uv2X3FOMl9zLIT5PZKsjnqtae8ND9TeqYgDsTlCGpX3g3VjNQjgy6AM~ZETsLC6AdiTrm64tlBmPNHhmju6iMTeaxOFZR2OujacN3J~cV4qk6pQKAswYoWSND~VR1eHBnyc6W~SMRcT3imJkJ4e49OFAXsoxwoWeejSD~rZYpj9WqyWNIC86wZlTcTGouVOnheJ23pzVmY9qjSCNQ__%26Key-Pair-Id%3DK1UQJZ58IUS3T3 HTTP/1.1" 200 -
22:22:01 "GET /proxy/?url=https%3A%2F%2Fcontent-aaps1.uplynk.com%2F3e1681c456b14b019e1bb901e291193f%2Fc.m3u8%3Fpbs%3Deaa6450fe6f84caf9755449c3afa0e4c HTTP/1.1" 200 -
22:22:03 "GET /proxy/?url=https%3A%2F%2Fcf-secure.cdn.uplynk.com%2Faeuw1%2Fslices%2F3e1%2F5d8e9ef63a204d0b8cb71b50093bde7d%2F3e1681c456b14b019e1bb901e291193f%2FJ0000000B.ts%3Fpbs%3Deaa6450fe6f84caf9755449c3afa0e4c%26cloud%3Daws%26cdn%3Dcfi%26si%3D0%26Expires%3D1781619679%26Policy%3DeyJTdGF0ZW1lbnQiOlt7IlJlc291cmNlIjoiaHR0cHM6Ly9jZi1zZWN1cmUuY2RuLnVwbHluay5jb20vYWV1dzEvc2xpY2VzLzNlMS81ZDhlOWVmNjNhMjA0ZDBiOGNiNzFiNTAwOTNiZGU3ZC8zZTE2ODFjNDU2YjE0YjAxOWUxYmI5MDFlMjkxMTkzZi8qcGJzPWVhYTY0NTBmZTZmODRjYWY5NzU1NDQ5YzNhZmEwZTRjJmNsb3VkPWF3cyZjZG49Y2ZpJnNpPTAiLCJDb25kaXRpb24iOnsiRGF0ZUxlc3NUaGFuIjp7IkFXUzpFcG9jaFRpbWUiOjE3ODE2MTk2Nzl9fX1dfQ%3D%3D%26Signature%3DaGpxITqk7oG~v0qyJKjqJDxbcE-G6KhZ7umtiIEMk~1Hjs7e4g6vklESbAB89kskKcKyyQBcWUD7yhMuNGwf6SeV1bqtHBYKfJiKlURG1fUGi7cVkuyxzyjv2hY9VJ8H-0ht5Uv2X3FOMl9zLIT5PZKsjnqtae8ND9TeqYgDsTlCGpX3g3VjNQjgy6AM~ZETsLC6AdiTrm64tlBmPNHhmju6iMTeaxOFZR2OujacN3J~cV4qk6pQKAswYoWSND~VR1eHBnyc6W~SMRcT3imJkJ4e49OFAXsoxwoWeejSD~rZYpj9WqyWNIC86wZlTcTGouVOnheJ23pzVmY9qjSCNQ__%26Key-Pair-Id%3DK1UQJZ58IUS3T3 HTTP/1.1" 200 -
22:22:05 "GET /proxy/?url=https%3A%2F%2Fcf-secure.cdn.uplynk.com%2Faeuw1%2Fslices%2F3e1%2F5d8e9ef63a204d0b8cb71b50093bde7d%2F3e1681c456b14b019e1bb901e291193f%2FA0000000B.ts%3Fpbs%3Deaa6450fe6f84caf9755449c3afa0e4c%26cloud%3Daws%26cdn%3Dcfi%26si%3D0%26Expires%3D1781619705%26Policy%3DeyJTdGF0ZW1lbnQiOlt7IlJlc291cmNlIjoiaHR0cHM6Ly9jZi1zZWN1cmUuY2RuLnVwbHluay5jb20vYWV1dzEvc2xpY2VzLzNlMS81ZDhlOWVmNjNhMjA0ZDBiOGNiNzFiNTAwOTNiZGU3ZC8zZTE2ODFjNDU2YjE0YjAxOWUxYmI5MDFlMjkxMTkzZi8qcGJzPWVhYTY0NTBmZTZmODRjYWY5NzU1NDQ5YzNhZmEwZTRjJmNsb3VkPWF3cyZjZG49Y2ZpJnNpPTAiLCJDb25kaXRpb24iOnsiRGF0ZUxlc3NUaGFuIjp7IkFXUzpFcG9jaFRpbWUiOjE3ODE2MTk3MDV9fX1dfQ%3D%3D%26Signature%3DtdAr7ml5tXlZwchEn4Dg-VW3iRc5Rx5AbSapbk10Ag-UHg1zSMRgrg7LLJEayLa9MGWnY2QDeZVXGGZNDAxOzeTitT2vPrLHfU4RhNWYni6Fpo0-VlBhjZ5HrsqUgLx2vaisBD2F8Snbs6asdXWk18iRnnuJORkSIB-PcyRo61iwl75l00ATcaB5ry7Z7THSueK1a-bEy1h9mjdytAd3rxsvB2GOtkTiHKfehIN5mRHdnpMx7Xn1S3B0BnQbxvfKkHTWiVkoZbYStMUKBcdUtkg3oAvj4TKafm9Jj7dR32iQ9~A6OyFsDHEXBI9M36YazB0W0hywh~R3nPzNZQ0OoA__%26Key-Pair-Id%3DK1UQJZ58IUS3T3 HTTP/1.1" 200 -
22:22:07 "GET /proxy/?url=https%3A%2F%2Fcf-secure.cdn.uplynk.com%2Faeuw1%2Fslices%2F3e1%2F5d8e9ef63a204d0b8cb71b50093bde7d%2F3e1681c456b14b019e1bb901e291193f%2FE0000000B.ts%3Fpbs%3Deaa6450fe6f84caf9755449c3afa0e4c%26cloud%3Daws%26cdn%3Dcfi%26si%3D0%26Expires%3D1781619672%26Policy%3DeyJTdGF0ZW1lbnQiOlt7IlJlc291cmNlIjoiaHR0cHM6Ly9jZi1zZWN1cmUuY2RuLnVwbHluay5jb20vYWV1dzEvc2xpY2VzLzNlMS81ZDhlOWVmNjNhMjA0ZDBiOGNiNzFiNTAwOTNiZGU3ZC8zZTE2ODFjNDU2YjE0YjAxOWUxYmI5MDFlMjkxMTkzZi8qcGJzPWVhYTY0NTBmZTZmODRjYWY5NzU1NDQ5YzNhZmEwZTRjJmNsb3VkPWF3cyZjZG49Y2ZpJnNpPTAiLCJDb25kaXRpb24iOnsiRGF0ZUxlc3NUaGFuIjp7IkFXUzpFcG9jaFRpbWUiOjE3ODE2MTk2NzJ9fX1dfQ%3D%3D%26Signature%3DQC8tNuFZOYA4eb98m8fBJlv004MRtS1BNeYr9Xpq9rGDnXm07Q~bbFv8W~S83df8ROAXSnZYYBIodh-ed6yoaUxJuoEO0Z0Vhfx2oznW6ijaT30GaWXxycduKj7AeqPr7gC9kP~sADyT2SD4fTRrZsjuNserZmXWYvm2PYm7FheQYdt4N6Zge48kGlcRAgcQBArgmL7wM1QOJZ220atvELJzqYHVqp0jZffnwaz3j4~TUhAbo3ogPA86a7vjTRQrPC6CNrgEja5XMMqHntcoy~Vau4ygDqgYCJf08DOKBancrh4n9NKW2s61KNhjjyogzWR0XHD9pb6nnGizOSDvEg__%26Key-Pair-Id%3DK1UQJZ58IUS3T3 HTTP/1.1" 200 -
22:22:11 "GET /proxy/?url=https%3A%2F%2Fcf-secure.cdn.uplynk.com%2Faeuw1%2Fslices%2F3e1%2F5d8e9ef63a204d0b8cb71b50093bde7d%2F3e1681c456b14b019e1bb901e291193f%2FJ0000000B.ts%3Fpbs%3Deaa6450fe6f84caf9755449c3afa0e4c%26cloud%3Daws%26cdn%3Dcfi%26si%3D0%26Expires%3D1781619679%26Policy%3DeyJTdGF0ZW1lbnQiOlt7IlJlc291cmNlIjoiaHR0cHM6Ly9jZi1zZWN1cmUuY2RuLnVwbHluay5jb20vYWV1dzEvc2xpY2VzLzNlMS81ZDhlOWVmNjNhMjA0ZDBiOGNiNzFiNTAwOTNiZGU3ZC8zZTE2ODFjNDU2YjE0YjAxOWUxYmI5MDFlMjkxMTkzZi8qcGJzPWVhYTY0NTBmZTZmODRjYWY5NzU1NDQ5YzNhZmEwZTRjJmNsb3VkPWF3cyZjZG49Y2ZpJnNpPTAiLCJDb25kaXRpb24iOnsiRGF0ZUxlc3NUaGFuIjp7IkFXUzpFcG9jaFRpbWUiOjE3ODE2MTk2Nzl9fX1dfQ%3D%3D%26Signature%3DaGpxITqk7oG~v0qyJKjqJDxbcE-G6KhZ7umtiIEMk~1Hjs7e4g6vklESbAB89kskKcKyyQBcWUD7yhMuNGwf6SeV1bqtHBYKfJiKlURG1fUGi7cVkuyxzyjv2hY9VJ8H-0ht5Uv2X3FOMl9zLIT5PZKsjnqtae8ND9TeqYgDsTlCGpX3g3VjNQjgy6AM~ZETsLC6AdiTrm64tlBmPNHhmju6iMTeaxOFZR2OujacN3J~cV4qk6pQKAswYoWSND~VR1eHBnyc6W~SMRcT3imJkJ4e49OFAXsoxwoWeejSD~rZYpj9WqyWNIC86wZlTcTGouVOnheJ23pzVmY9qjSCNQ__%26Key-Pair-Id%3DK1UQJZ58IUS3T3 HTTP/1.1" 200 -
22:22:11 "GET /proxy/?url=https%3A%2F%2Fcf-secure.cdn.uplynk.com%2Faeuw1%2Fslices%2F3e1%2F5d8e9ef63a204d0b8cb71b50093bde7d%2F3e1681c456b14b019e1bb901e291193f%2FA0000000C.ts%3Fpbs%3Deaa6450fe6f84caf9755449c3afa0e4c%26cloud%3Daws%26cdn%3Dcfi%26si%3D0%26Expires%3D1781619705%26Policy%3DeyJTdGF0ZW1lbnQiOlt7IlJlc291cmNlIjoiaHR0cHM6Ly9jZi1zZWN1cmUuY2RuLnVwbHluay5jb20vYWV1dzEvc2xpY2VzLzNlMS81ZDhlOWVmNjNhMjA0ZDBiOGNiNzFiNTAwOTNiZGU3ZC8zZTE2ODFjNDU2YjE0YjAxOWUxYmI5MDFlMjkxMTkzZi8qcGJzPWVhYTY0NTBmZTZmODRjYWY5NzU1NDQ5YzNhZmEwZTRjJmNsb3VkPWF3cyZjZG49Y2ZpJnNpPTAiLCJDb25kaXRpb24iOnsiRGF0ZUxlc3NUaGFuIjp7IkFXUzpFcG9jaFRpbWUiOjE3ODE2MTk3MDV9fX1dfQ%3D%3D%26Signature%3DtdAr7ml5tXlZwchEn4Dg-VW3iRc5Rx5AbSapbk10Ag-UHg1zSMRgrg7LLJEayLa9MGWnY2QDeZVXGGZNDAxOzeTitT2vPrLHfU4RhNWYni6Fpo0-VlBhjZ5HrsqUgLx2vaisBD2F8Snbs6asdXWk18iRnnuJORkSIB-PcyRo61iwl75l00ATcaB5ry7Z7THSueK1a-bEy1h9mjdytAd3rxsvB2GOtkTiHKfehIN5mRHdnpMx7Xn1S3B0BnQbxvfKkHTWiVkoZbYStMUKBcdUtkg3oAvj4TKafm9Jj7dR32iQ9~A6OyFsDHEXBI9M36YazB0W0hywh~R3nPzNZQ0OoA__%26Key-Pair-Id%3DK1UQJZ58IUS3T3 HTTP/1.1" 200 -
22:22:14 "GET /proxy/?url=https%3A%2F%2Fcontent-aaps1.uplynk.com%2Fcheck2%3Fb%3D3e1681c456b14b019e1bb901e291193f%26v%3D3e1681c456b14b019e1bb901e291193f%26r%3Dc%26pbs%3Deaa6450fe6f84caf9755449c3afa0e4c HTTP/1.1" 200 -
22:22:15 "GET /proxy/?url=https%3A%2F%2Fcf-secure.cdn.uplynk.com%2Faeuw1%2Fslices%2F3e1%2F5d8e9ef63a204d0b8cb71b50093bde7d%2F3e1681c456b14b019e1bb901e291193f%2FC0000000D.ts%3Fpbs%3Deaa6450fe6f84caf9755449c3afa0e4c%26cloud%3Daws%26cdn%3Dcfi%26si%3D0%26Expires%3D1781619721%26Policy%3DeyJTdGF0ZW1lbnQiOlt7IlJlc291cmNlIjoiaHR0cHM6Ly9jZi1zZWN1cmUuY2RuLnVwbHluay5jb20vYWV1dzEvc2xpY2VzLzNlMS81ZDhlOWVmNjNhMjA0ZDBiOGNiNzFiNTAwOTNiZGU3ZC8zZTE2ODFjNDU2YjE0YjAxOWUxYmI5MDFlMjkxMTkzZi8qcGJzPWVhYTY0NTBmZTZmODRjYWY5NzU1NDQ5YzNhZmEwZTRjJmNsb3VkPWF3cyZjZG49Y2ZpJnNpPTAiLCJDb25kaXRpb24iOnsiRGF0ZUxlc3NUaGFuIjp7IkFXUzpFcG9jaFRpbWUiOjE3ODE2MTk3MjF9fX1dfQ%3D%3D%26Signature%3DOUgGBHOIAXiIKns4a7v8KRh3t5zR5iwL0KEpClKGNmfzFW6Ctj3M8fYNzk7iZadYyJfRWi-ctguS9A~11VMLzCWHH8eUzomqnLJhGKa7Fm84wr~NiribHpbXF76SeV29MtG4aMlpPun9hQvEF13C2xG09COk9c83FFFKmgfSx5TFsNrfLT9TacesJleWZbVg0Bk82pPpNZCJ67WORa1iFqbc4NikdFt1oeK3mcnRBEz2Yn00qncGMxwpw~ApABn4ACxwJv1zWkJ19dRfInEC8QCUb7cJJH7r64Agh5QrXckO8YaHXA~sBYdigsbPXDHWCfzl~HZ1Eo0CiA8SWYTWOw__%26Key-Pair-Id%3DK1UQJZ58IUS3T3 HTTP/1.1" 200 -
22:22:22 "GET /proxy/?url=https%3A%2F%2Fcf-secure.cdn.uplynk.com%2Faeuw1%2Fslices%2F3e1%2F5d8e9ef63a204d0b8cb71b50093bde7d%2F3e1681c456b14b019e1bb901e291193f%2FC0000000E.ts%3Fpbs%3Deaa6450fe6f84caf9755449c3afa0e4c%26cloud%3Daws%26cdn%3Dcfi%26si%3D0%26Expires%3D1781619721%26Policy%3DeyJTdGF0ZW1lbnQiOlt7IlJlc291cmNlIjoiaHR0cHM6Ly9jZi1zZWN1cmUuY2RuLnVwbHluay5jb20vYWV1dzEvc2xpY2VzLzNlMS81ZDhlOWVmNjNhMjA0ZDBiOGNiNzFiNTAwOTNiZGU3ZC8zZTE2ODFjNDU2YjE0YjAxOWUxYmI5MDFlMjkxMTkzZi8qcGJzPWVhYTY0NTBmZTZmODRjYWY5NzU1NDQ5YzNhZmEwZTRjJmNsb3VkPWF3cyZjZG49Y2ZpJnNpPTAiLCJDb25kaXRpb24iOnsiRGF0ZUxlc3NUaGFuIjp7IkFXUzpFcG9jaFRpbWUiOjE3ODE2MTk3MjF9fX1dfQ%3D%3D%26Signature%3DOUgGBHOIAXiIKns4a7v8KRh3t5zR5iwL0KEpClKGNmfzFW6Ctj3M8fYNzk7iZadYyJfRWi-ctguS9A~11VMLzCWHH8eUzomqnLJhGKa7Fm84wr~NiribHpbXF76SeV29MtG4aMlpPun9hQvEF13C2xG09COk9c83FFFKmgfSx5TFsNrfLT9TacesJleWZbVg0Bk82pPpNZCJ67WORa1iFqbc4NikdFt1oeK3mcnRBEz2Yn00qncGMxwpw~ApABn4ACxwJv1zWkJ19dRfInEC8QCUb7cJJH7r64Agh5QrXckO8YaHXA~sBYdigsbPXDHWCfzl~HZ1Eo0CiA8SWYTWOw__%26Key-Pair-Id%3DK1UQJZ58IUS3T3 HTTP/1.1" 200 -
22:22:22 "GET /proxy/?url=https%3A%2F%2Fcf-secure.cdn.uplynk.com%2Faeuw1%2Fslices%2F3e1%2F5d8e9ef63a204d0b8cb71b50093bde7d%2F3e1681c456b14b019e1bb901e291193f%2FJ0000000D.ts%3Fpbs%3Deaa6450fe6f84caf9755449c3afa0e4c%26cloud%3Daws%26cdn%3Dcfi%26si%3D0%26Expires%3D1781619679%26Policy%3DeyJTdGF0ZW1lbnQiOlt7IlJlc291cmNlIjoiaHR0cHM6Ly9jZi1zZWN1cmUuY2RuLnVwbHluay5jb20vYWV1dzEvc2xpY2VzLzNlMS81ZDhlOWVmNjNhMjA0ZDBiOGNiNzFiNTAwOTNiZGU3ZC8zZTE2ODFjNDU2YjE0YjAxOWUxYmI5MDFlMjkxMTkzZi8qcGJzPWVhYTY0NTBmZTZmODRjYWY5NzU1NDQ5YzNhZmEwZTRjJmNsb3VkPWF3cyZjZG49Y2ZpJnNpPTAiLCJDb25kaXRpb24iOnsiRGF0ZUxlc3NUaGFuIjp7IkFXUzpFcG9jaFRpbWUiOjE3ODE2MTk2Nzl9fX1dfQ%3D%3D%26Signature%3DaGpxITqk7oG~v0qyJKjqJDxbcE-G6KhZ7umtiIEMk~1Hjs7e4g6vklESbAB89kskKcKyyQBcWUD7yhMuNGwf6SeV1bqtHBYKfJiKlURG1fUGi7cVkuyxzyjv2hY9VJ8H-0ht5Uv2X3FOMl9zLIT5PZKsjnqtae8ND9TeqYgDsTlCGpX3g3VjNQjgy6AM~ZETsLC6AdiTrm64tlBmPNHhmju6iMTeaxOFZR2OujacN3J~cV4qk6pQKAswYoWSND~VR1eHBnyc6W~SMRcT3imJkJ4e49OFAXsoxwoWeejSD~rZYpj9WqyWNIC86wZlTcTGouVOnheJ23pzVmY9qjSCNQ__%26Key-Pair-Id%3DK1UQJZ58IUS3T3 HTTP/1.1" 200 -
22:22:23 "GET /proxy/?url=https%3A%2F%2Fcf-secure.cdn.uplynk.com%2Faeuw1%2Fslices%2F3e1%2F5d8e9ef63a204d0b8cb71b50093bde7d%2F3e1681c456b14b019e1bb901e291193f%2FA0000000D.ts%3Fpbs%3Deaa6450fe6f84caf9755449c3afa0e4c%26cloud%3Daws%26cdn%3Dcfi%26si%3D0%26Expires%3D1781619705%26Policy%3DeyJTdGF0ZW1lbnQiOlt7IlJlc291cmNlIjoiaHR0cHM6Ly9jZi1zZWN1cmUuY2RuLnVwbHluay5jb20vYWV1dzEvc2xpY2VzLzNlMS81ZDhlOWVmNjNhMjA0ZDBiOGNiNzFiNTAwOTNiZGU3ZC8zZTE2ODFjNDU2YjE0YjAxOWUxYmI5MDFlMjkxMTkzZi8qcGJzPWVhYTY0NTBmZTZmODRjYWY5NzU1NDQ5YzNhZmEwZTRjJmNsb3VkPWF3cyZjZG49Y2ZpJnNpPTAiLCJDb25kaXRpb24iOnsiRGF0ZUxlc3NUaGFuIjp7IkFXUzpFcG9jaFRpbWUiOjE3ODE2MTk3MDV9fX1dfQ%3D%3D%26Signature%3DtdAr7ml5tXlZwchEn4Dg-VW3iRc5Rx5AbSapbk10Ag-UHg1zSMRgrg7LLJEayLa9MGWnY2QDeZVXGGZNDAxOzeTitT2vPrLHfU4RhNWYni6Fpo0-VlBhjZ5HrsqUgLx2vaisBD2F8Snbs6asdXWk18iRnnuJORkSIB-PcyRo61iwl75l00ATcaB5ry7Z7THSueK1a-bEy1h9mjdytAd3rxsvB2GOtkTiHKfehIN5mRHdnpMx7Xn1S3B0BnQbxvfKkHTWiVkoZbYStMUKBcdUtkg3oAvj4TKafm9Jj7dR32iQ9~A6OyFsDHEXBI9M36YazB0W0hywh~R3nPzNZQ0OoA__%26Key-Pair-Id%3DK1UQJZ58IUS3T3 HTTP/1.1" 200 -
22:22:26 "GET /proxy/?url=https%3A%2F%2Fcf-secure.cdn.uplynk.com%2Faeuw1%2Fslices%2F3e1%2F5d8e9ef63a204d0b8cb71b50093bde7d%2F3e1681c456b14b019e1bb901e291193f%2FE0000000D.ts%3Fpbs%3Deaa6450fe6f84caf9755449c3afa0e4c%26cloud%3Daws%26cdn%3Dcfi%26si%3D0%26Expires%3D1781619672%26Policy%3DeyJTdGF0ZW1lbnQiOlt7IlJlc291cmNlIjoiaHR0cHM6Ly9jZi1zZWN1cmUuY2RuLnVwbHluay5jb20vYWV1dzEvc2xpY2VzLzNlMS81ZDhlOWVmNjNhMjA0ZDBiOGNiNzFiNTAwOTNiZGU3ZC8zZTE2ODFjNDU2YjE0YjAxOWUxYmI5MDFlMjkxMTkzZi8qcGJzPWVhYTY0NTBmZTZmODRjYWY5NzU1NDQ5YzNhZmEwZTRjJmNsb3VkPWF3cyZjZG49Y2ZpJnNpPTAiLCJDb25kaXRpb24iOnsiRGF0ZUxlc3NUaGFuIjp7IkFXUzpFcG9jaFRpbWUiOjE3ODE2MTk2NzJ9fX1dfQ%3D%3D%26Signature%3DQC8tNuFZOYA4eb98m8fBJlv004MRtS1BNeYr9Xpq9rGDnXm07Q~bbFv8W~S83df8ROAXSnZYYBIodh-ed6yoaUxJuoEO0Z0Vhfx2oznW6ijaT30GaWXxycduKj7AeqPr7gC9kP~sADyT2SD4fTRrZsjuNserZmXWYvm2PYm7FheQYdt4N6Zge48kGlcRAgcQBArgmL7wM1QOJZ220atvELJzqYHVqp0jZffnwaz3j4~TUhAbo3ogPA86a7vjTRQrPC6CNrgEja5XMMqHntcoy~Vau4ygDqgYCJf08DOKBancrh4n9NKW2s61KNhjjyogzWR0XHD9pb6nnGizOSDvEg__%26Key-Pair-Id%3DK1UQJZ58IUS3T3 HTTP/1.1" 200 -
22:22:27 "GET /proxy/?url=https%3A%2F%2Fcf-secure.cdn.uplynk.com%2Faeuw1%2Fslices%2F3e1%2F5d8e9ef63a204d0b8cb71b50093bde7d%2F3e1681c456b14b019e1bb901e291193f%2FA0000000E.ts%3Fpbs%3Deaa6450fe6f84caf9755449c3afa0e4c%26cloud%3Daws%26cdn%3Dcfi%26si%3D0%26Expires%3D1781619705%26Policy%3DeyJTdGF0ZW1lbnQiOlt7IlJlc291cmNlIjoiaHR0cHM6Ly9jZi1zZWN1cmUuY2RuLnVwbHluay5jb20vYWV1dzEvc2xpY2VzLzNlMS81ZDhlOWVmNjNhMjA0ZDBiOGNiNzFiNTAwOTNiZGU3ZC8zZTE2ODFjNDU2YjE0YjAxOWUxYmI5MDFlMjkxMTkzZi8qcGJzPWVhYTY0NTBmZTZmODRjYWY5NzU1NDQ5YzNhZmEwZTRjJmNsb3VkPWF3cyZjZG49Y2ZpJnNpPTAiLCJDb25kaXRpb24iOnsiRGF0ZUxlc3NUaGFuIjp7IkFXUzpFcG9jaFRpbWUiOjE3ODE2MTk3MDV9fX1dfQ%3D%3D%26Signature%3DtdAr7ml5tXlZwchEn4Dg-VW3iRc5Rx5AbSapbk10Ag-UHg1zSMRgrg7LLJEayLa9MGWnY2QDeZVXGGZNDAxOzeTitT2vPrLHfU4RhNWYni6Fpo0-VlBhjZ5HrsqUgLx2vaisBD2F8Snbs6asdXWk18iRnnuJORkSIB-PcyRo61iwl75l00ATcaB5ry7Z7THSueK1a-bEy1h9mjdytAd3rxsvB2GOtkTiHKfehIN5mRHdnpMx7Xn1S3B0BnQbxvfKkHTWiVkoZbYStMUKBcdUtkg3oAvj4TKafm9Jj7dR32iQ9~A6OyFsDHEXBI9M36YazB0W0hywh~R3nPzNZQ0OoA__%26Key-Pair-Id%3DK1UQJZ58IUS3T3 HTTP/1.1" 200 -
22:22:27 code 502, message Proxy error: The read operation timed out
22:22:27 "GET /proxy/?url=https%3A%2F%2Fcf-secure.cdn.uplynk.com%2Faeuw1%2Fslices%2F3e1%2F5d8e9ef63a204d0b8cb71b50093bde7d%2F3e1681c456b14b019e1bb901e291193f%2FJ0000000D.ts%3Fpbs%3Deaa6450fe6f84caf9755449c3afa0e4c%26cloud%3Daws%26cdn%3Dcfi%26si%3D0%26Expires%3D1781619679%26Policy%3DeyJTdGF0ZW1lbnQiOlt7IlJlc291cmNlIjoiaHR0cHM6Ly9jZi1zZWN1cmUuY2RuLnVwbHluay5jb20vYWV1dzEvc2xpY2VzLzNlMS81ZDhlOWVmNjNhMjA0ZDBiOGNiNzFiNTAwOTNiZGU3ZC8zZTE2ODFjNDU2YjE0YjAxOWUxYmI5MDFlMjkxMTkzZi8qcGJzPWVhYTY0NTBmZTZmODRjYWY5NzU1NDQ5YzNhZmEwZTRjJmNsb3VkPWF3cyZjZG49Y2ZpJnNpPTAiLCJDb25kaXRpb24iOnsiRGF0ZUxlc3NUaGFuIjp7IkFXUzpFcG9jaFRpbWUiOjE3ODE2MTk2Nzl9fX1dfQ%3D%3D%26Signature%3DaGpxITqk7oG~v0qyJKjqJDxbcE-G6KhZ7umtiIEMk~1Hjs7e4g6vklESbAB89kskKcKyyQBcWUD7yhMuNGwf6SeV1bqtHBYKfJiKlURG1fUGi7cVkuyxzyjv2hY9VJ8H-0ht5Uv2X3FOMl9zLIT5PZKsjnqtae8ND9TeqYgDsTlCGpX3g3VjNQjgy6AM~ZETsLC6AdiTrm64tlBmPNHhmju6iMTeaxOFZR2OujacN3J~cV4qk6pQKAswYoWSND~VR1eHBnyc6W~SMRcT3imJkJ4e49OFAXsoxwoWeejSD~rZYpj9WqyWNIC86wZlTcTGouVOnheJ23pzVmY9qjSCNQ__%26Key-Pair-Id%3DK1UQJZ58IUS3T3 HTTP/1.1" 502 -
22:22:31 "GET /proxy/?url=https%3A%2F%2Fcf-secure.cdn.uplynk.com%2Faeuw1%2Fslices%2F3e1%2F5d8e9ef63a204d0b8cb71b50093bde7d%2F3e1681c456b14b019e1bb901e291193f%2FJ0000000E.ts%3Fpbs%3Deaa6450fe6f84caf9755449c3afa0e4c%26cloud%3Daws%26cdn%3Dcfi%26si%3D0%26Expires%3D1781619679%26Policy%3DeyJTdGF0ZW1lbnQiOlt7IlJlc291cmNlIjoiaHR0cHM6Ly9jZi1zZWN1cmUuY2RuLnVwbHluay5jb20vYWV1dzEvc2xpY2VzLzNlMS81ZDhlOWVmNjNhMjA0ZDBiOGNiNzFiNTAwOTNiZGU3ZC8zZTE2ODFjNDU2YjE0YjAxOWUxYmI5MDFlMjkxMTkzZi8qcGJzPWVhYTY0NTBmZTZmODRjYWY5NzU1NDQ5YzNhZmEwZTRjJmNsb3VkPWF3cyZjZG49Y2ZpJnNpPTAiLCJDb25kaXRpb24iOnsiRGF0ZUxlc3NUaGFuIjp7IkFXUzpFcG9jaFRpbWUiOjE3ODE2MTk2Nzl9fX1dfQ%3D%3D%26Signature%3DaGpxITqk7oG~v0qyJKjqJDxbcE-G6KhZ7umtiIEMk~1Hjs7e4g6vklESbAB89kskKcKyyQBcWUD7yhMuNGwf6SeV1bqtHBYKfJiKlURG1fUGi7cVkuyxzyjv2hY9VJ8H-0ht5Uv2X3FOMl9zLIT5PZKsjnqtae8ND9TeqYgDsTlCGpX3g3VjNQjgy6AM~ZETsLC6AdiTrm64tlBmPNHhmju6iMTeaxOFZR2OujacN3J~cV4qk6pQKAswYoWSND~VR1eHBnyc6W~SMRcT3imJkJ4e49OFAXsoxwoWeejSD~rZYpj9WqyWNIC86wZlTcTGouVOnheJ23pzVmY9qjSCNQ__%26Key-Pair-Id%3DK1UQJZ58IUS3T3 HTTP/1.1" 200 -
22:22:32 "GET /proxy/?url=https%3A%2F%2Fcf-secure.cdn.uplynk.com%2Faeuw1%2Fslices%2F3e1%2F5d8e9ef63a204d0b8cb71b50093bde7d%2F3e1681c456b14b019e1bb901e291193f%2FA0000000F.ts%3Fpbs%3Deaa6450fe6f84caf9755449c3afa0e4c%26cloud%3Daws%26cdn%3Dcfi%26si%3D0%26Expires%3D1781619705%26Policy%3DeyJTdGF0ZW1lbnQiOlt7IlJlc291cmNlIjoiaHR0cHM6Ly9jZi1zZWN1cmUuY2RuLnVwbHluay5jb20vYWV1dzEvc2xpY2VzLzNlMS81ZDhlOWVmNjNhMjA0ZDBiOGNiNzFiNTAwOTNiZGU3ZC8zZTE2ODFjNDU2YjE0YjAxOWUxYmI5MDFlMjkxMTkzZi8qcGJzPWVhYTY0NTBmZTZmODRjYWY5NzU1NDQ5YzNhZmEwZTRjJmNsb3VkPWF3cyZjZG49Y2ZpJnNpPTAiLCJDb25kaXRpb24iOnsiRGF0ZUxlc3NUaGFuIjp7IkFXUzpFcG9jaFRpbWUiOjE3ODE2MTk3MDV9fX1dfQ%3D%3D%26Signature%3DtdAr7ml5tXlZwchEn4Dg-VW3iRc5Rx5AbSapbk10Ag-UHg1zSMRgrg7LLJEayLa9MGWnY2QDeZVXGGZNDAxOzeTitT2vPrLHfU4RhNWYni6Fpo0-VlBhjZ5HrsqUgLx2vaisBD2F8Snbs6asdXWk18iRnnuJORkSIB-PcyRo61iwl75l00ATcaB5ry7Z7THSueK1a-bEy1h9mjdytAd3rxsvB2GOtkTiHKfehIN5mRHdnpMx7Xn1S3B0BnQbxvfKkHTWiVkoZbYStMUKBcdUtkg3oAvj4TKafm9Jj7dR32iQ9~A6OyFsDHEXBI9M36YazB0W0hywh~R3nPzNZQ0OoA__%26Key-Pair-Id%3DK1UQJZ58IUS3T3 HTTP/1.1" 200 -
22:22:33 "GET /proxy/?url=https%3A%2F%2Fcf-secure.cdn.uplynk.com%2Faeuw1%2Fslices%2F3e1%2F5d8e9ef63a204d0b8cb71b50093bde7d%2F3e1681c456b14b019e1bb901e291193f%2FC0000000E.ts%3Fpbs%3Deaa6450fe6f84caf9755449c3afa0e4c%26cloud%3Daws%26cdn%3Dcfi%26si%3D0%26Expires%3D1781619721%26Policy%3DeyJTdGF0ZW1lbnQiOlt7IlJlc291cmNlIjoiaHR0cHM6Ly9jZi1zZWN1cmUuY2RuLnVwbHluay5jb20vYWV1dzEvc2xpY2VzLzNlMS81ZDhlOWVmNjNhMjA0ZDBiOGNiNzFiNTAwOTNiZGU3ZC8zZTE2ODFjNDU2YjE0YjAxOWUxYmI5MDFlMjkxMTkzZi8qcGJzPWVhYTY0NTBmZTZmODRjYWY5NzU1NDQ5YzNhZmEwZTRjJmNsb3VkPWF3cyZjZG49Y2ZpJnNpPTAiLCJDb25kaXRpb24iOnsiRGF0ZUxlc3NUaGFuIjp7IkFXUzpFcG9jaFRpbWUiOjE3ODE2MTk3MjF9fX1dfQ%3D%3D%26Signature%3DOUgGBHOIAXiIKns4a7v8KRh3t5zR5iwL0KEpClKGNmfzFW6Ctj3M8fYNzk7iZadYyJfRWi-ctguS9A~11VMLzCWHH8eUzomqnLJhGKa7Fm84wr~NiribHpbXF76SeV29MtG4aMlpPun9hQvEF13C2xG09COk9c83FFFKmgfSx5TFsNrfLT9TacesJleWZbVg0Bk82pPpNZCJ67WORa1iFqbc4NikdFt1oeK3mcnRBEz2Yn00qncGMxwpw~ApABn4ACxwJv1zWkJ19dRfInEC8QCUb7cJJH7r64Agh5QrXckO8YaHXA~sBYdigsbPXDHWCfzl~HZ1Eo0CiA8SWYTWOw__%26Key-Pair-Id%3DK1UQJZ58IUS3T3 HTTP/1.1" 200 -
22:22:36 "GET /proxy/?url=https%3A%2F%2Fcf-secure.cdn.uplynk.com%2Faeuw1%2Fslices%2F3e1%2F5d8e9ef63a204d0b8cb71b50093bde7d%2F3e1681c456b14b019e1bb901e291193f%2FJ00000010.ts%3Fpbs%3Deaa6450fe6f84caf9755449c3afa0e4c%26cloud%3Daws%26cdn%3Dcfi%26si%3D0%26Expires%3D1781619679%26Policy%3DeyJTdGF0ZW1lbnQiOlt7IlJlc291cmNlIjoiaHR0cHM6Ly9jZi1zZWN1cmUuY2RuLnVwbHluay5jb20vYWV1dzEvc2xpY2VzLzNlMS81ZDhlOWVmNjNhMjA0ZDBiOGNiNzFiNTAwOTNiZGU3ZC8zZTE2ODFjNDU2YjE0YjAxOWUxYmI5MDFlMjkxMTkzZi8qcGJzPWVhYTY0NTBmZTZmODRjYWY5NzU1NDQ5YzNhZmEwZTRjJmNsb3VkPWF3cyZjZG49Y2ZpJnNpPTAiLCJDb25kaXRpb24iOnsiRGF0ZUxlc3NUaGFuIjp7IkFXUzpFcG9jaFRpbWUiOjE3ODE2MTk2Nzl9fX1dfQ%3D%3D%26Signature%3DaGpxITqk7oG~v0qyJKjqJDxbcE-G6KhZ7umtiIEMk~1Hjs7e4g6vklESbAB89kskKcKyyQBcWUD7yhMuNGwf6SeV1bqtHBYKfJiKlURG1fUGi7cVkuyxzyjv2hY9VJ8H-0ht5Uv2X3FOMl9zLIT5PZKsjnqtae8ND9TeqYgDsTlCGpX3g3VjNQjgy6AM~ZETsLC6AdiTrm64tlBmPNHhmju6iMTeaxOFZR2OujacN3J~cV4qk6pQKAswYoWSND~VR1eHBnyc6W~SMRcT3imJkJ4e49OFAXsoxwoWeejSD~rZYpj9WqyWNIC86wZlTcTGouVOnheJ23pzVmY9qjSCNQ__%26Key-Pair-Id%3DK1UQJZ58IUS3T3 HTTP/1.1" 200 -
22:22:36 "GET /proxy/?url=https%3A%2F%2Fcf-secure.cdn.uplynk.com%2Faeuw1%2Fslices%2F3e1%2F5d8e9ef63a204d0b8cb71b50093bde7d%2F3e1681c456b14b019e1bb901e291193f%2FC00000010.ts%3Fpbs%3Deaa6450fe6f84caf9755449c3afa0e4c%26cloud%3Daws%26cdn%3Dcfi%26si%3D0%26Expires%3D1781619721%26Policy%3DeyJTdGF0ZW1lbnQiOlt7IlJlc291cmNlIjoiaHR0cHM6Ly9jZi1zZWN1cmUuY2RuLnVwbHluay5jb20vYWV1dzEvc2xpY2VzLzNlMS81ZDhlOWVmNjNhMjA0ZDBiOGNiNzFiNTAwOTNiZGU3ZC8zZTE2ODFjNDU2YjE0YjAxOWUxYmI5MDFlMjkxMTkzZi8qcGJzPWVhYTY0NTBmZTZmODRjYWY5NzU1NDQ5YzNhZmEwZTRjJmNsb3VkPWF3cyZjZG49Y2ZpJnNpPTAiLCJDb25kaXRpb24iOnsiRGF0ZUxlc3NUaGFuIjp7IkFXUzpFcG9jaFRpbWUiOjE3ODE2MTk3MjF9fX1dfQ%3D%3D%26Signature%3DOUgGBHOIAXiIKns4a7v8KRh3t5zR5iwL0KEpClKGNmfzFW6Ctj3M8fYNzk7iZadYyJfRWi-ctguS9A~11VMLzCWHH8eUzomqnLJhGKa7Fm84wr~NiribHpbXF76SeV29MtG4aMlpPun9hQvEF13C2xG09COk9c83FFFKmgfSx5TFsNrfLT9TacesJleWZbVg0Bk82pPpNZCJ67WORa1iFqbc4NikdFt1oeK3mcnRBEz2Yn00qncGMxwpw~ApABn4ACxwJv1zWkJ19dRfInEC8QCUb7cJJH7r64Agh5QrXckO8YaHXA~sBYdigsbPXDHWCfzl~HZ1Eo0CiA8SWYTWOw__%26Key-Pair-Id%3DK1UQJZ58IUS3T3 HTTP/1.1" 200 -
22:22:40 "GET /proxy/?url=https%3A%2F%2Fcf-secure.cdn.uplynk.com%2Faeuw1%2Fslices%2F3e1%2F5d8e9ef63a204d0b8cb71b50093bde7d%2F3e1681c456b14b019e1bb901e291193f%2FC00000011.ts%3Fpbs%3Deaa6450fe6f84caf9755449c3afa0e4c%26cloud%3Daws%26cdn%3Dcfi%26si%3D0%26Expires%3D1781619721%26Policy%3DeyJTdGF0ZW1lbnQiOlt7IlJlc291cmNlIjoiaHR0cHM6Ly9jZi1zZWN1cmUuY2RuLnVwbHluay5jb20vYWV1dzEvc2xpY2VzLzNlMS81ZDhlOWVmNjNhMjA0ZDBiOGNiNzFiNTAwOTNiZGU3ZC8zZTE2ODFjNDU2YjE0YjAxOWUxYmI5MDFlMjkxMTkzZi8qcGJzPWVhYTY0NTBmZTZmODRjYWY5NzU1NDQ5YzNhZmEwZTRjJmNsb3VkPWF3cyZjZG49Y2ZpJnNpPTAiLCJDb25kaXRpb24iOnsiRGF0ZUxlc3NUaGFuIjp7IkFXUzpFcG9jaFRpbWUiOjE3ODE2MTk3MjF9fX1dfQ%3D%3D%26Signature%3DOUgGBHOIAXiIKns4a7v8KRh3t5zR5iwL0KEpClKGNmfzFW6Ctj3M8fYNzk7iZadYyJfRWi-ctguS9A~11VMLzCWHH8eUzomqnLJhGKa7Fm84wr~NiribHpbXF76SeV29MtG4aMlpPun9hQvEF13C2xG09COk9c83FFFKmgfSx5TFsNrfLT9TacesJleWZbVg0Bk82pPpNZCJ67WORa1iFqbc4NikdFt1oeK3mcnRBEz2Yn00qncGMxwpw~ApABn4ACxwJv1zWkJ19dRfInEC8QCUb7cJJH7r64Agh5QrXckO8YaHXA~sBYdigsbPXDHWCfzl~HZ1Eo0CiA8SWYTWOw__%26Key-Pair-Id%3DK1UQJZ58IUS3T3 HTTP/1.1" 200 -
22:22:42 "GET /proxy/?url=https%3A%2F%2Fcf-secure.cdn.uplynk.com%2Faeuw1%2Fslices%2F3e1%2F5d8e9ef63a204d0b8cb71b50093bde7d%2F3e1681c456b14b019e1bb901e291193f%2FJ00000010.ts%3Fpbs%3Deaa6450fe6f84caf9755449c3afa0e4c%26cloud%3Daws%26cdn%3Dcfi%26si%3D0%26Expires%3D1781619679%26Policy%3DeyJTdGF0ZW1lbnQiOlt7IlJlc291cmNlIjoiaHR0cHM6Ly9jZi1zZWN1cmUuY2RuLnVwbHluay5jb20vYWV1dzEvc2xpY2VzLzNlMS81ZDhlOWVmNjNhMjA0ZDBiOGNiNzFiNTAwOTNiZGU3ZC8zZTE2ODFjNDU2YjE0YjAxOWUxYmI5MDFlMjkxMTkzZi8qcGJzPWVhYTY0NTBmZTZmODRjYWY5NzU1NDQ5YzNhZmEwZTRjJmNsb3VkPWF3cyZjZG49Y2ZpJnNpPTAiLCJDb25kaXRpb24iOnsiRGF0ZUxlc3NUaGFuIjp7IkFXUzpFcG9jaFRpbWUiOjE3ODE2MTk2Nzl9fX1dfQ%3D%3D%26Signature%3DaGpxITqk7oG~v0qyJKjqJDxbcE-G6KhZ7umtiIEMk~1Hjs7e4g6vklESbAB89kskKcKyyQBcWUD7yhMuNGwf6SeV1bqtHBYKfJiKlURG1fUGi7cVkuyxzyjv2hY9VJ8H-0ht5Uv2X3FOMl9zLIT5PZKsjnqtae8ND9TeqYgDsTlCGpX3g3VjNQjgy6AM~ZETsLC6AdiTrm64tlBmPNHhmju6iMTeaxOFZR2OujacN3J~cV4qk6pQKAswYoWSND~VR1eHBnyc6W~SMRcT3imJkJ4e49OFAXsoxwoWeejSD~rZYpj9WqyWNIC86wZlTcTGouVOnheJ23pzVmY9qjSCNQ__%26Key-Pair-Id%3DK1UQJZ58IUS3T3 HTTP/1.1" 200 -
22:22:46 "GET /proxy/?url=https%3A%2F%2Fcf-secure.cdn.uplynk.com%2Faeuw1%2Fslices%2F3e1%2F5d8e9ef63a204d0b8cb71b50093bde7d%2F3e1681c456b14b019e1bb901e291193f%2FC00000012.ts%3Fpbs%3Deaa6450fe6f84caf9755449c3afa0e4c%26cloud%3Daws%26cdn%3Dcfi%26si%3D0%26Expires%3D1781619721%26Policy%3DeyJTdGF0ZW1lbnQiOlt7IlJlc291cmNlIjoiaHR0cHM6Ly9jZi1zZWN1cmUuY2RuLnVwbHluay5jb20vYWV1dzEvc2xpY2VzLzNlMS81ZDhlOWVmNjNhMjA0ZDBiOGNiNzFiNTAwOTNiZGU3ZC8zZTE2ODFjNDU2YjE0YjAxOWUxYmI5MDFlMjkxMTkzZi8qcGJzPWVhYTY0NTBmZTZmODRjYWY5NzU1NDQ5YzNhZmEwZTRjJmNsb3VkPWF3cyZjZG49Y2ZpJnNpPTAiLCJDb25kaXRpb24iOnsiRGF0ZUxlc3NUaGFuIjp7IkFXUzpFcG9jaFRpbWUiOjE3ODE2MTk3MjF9fX1dfQ%3D%3D%26Signature%3DOUgGBHOIAXiIKns4a7v8KRh3t5zR5iwL0KEpClKGNmfzFW6Ctj3M8fYNzk7iZadYyJfRWi-ctguS9A~11VMLzCWHH8eUzomqnLJhGKa7Fm84wr~NiribHpbXF76SeV29MtG4aMlpPun9hQvEF13C2xG09COk9c83FFFKmgfSx5TFsNrfLT9TacesJleWZbVg0Bk82pPpNZCJ67WORa1iFqbc4NikdFt1oeK3mcnRBEz2Yn00qncGMxwpw~ApABn4ACxwJv1zWkJ19dRfInEC8QCUb7cJJH7r64Agh5QrXckO8YaHXA~sBYdigsbPXDHWCfzl~HZ1Eo0CiA8SWYTWOw__%26Key-Pair-Id%3DK1UQJZ58IUS3T3 HTTP/1.1" 200 -
22:22:46 "GET /proxy/?url=https%3A%2F%2Fcf-secure.cdn.uplynk.com%2Faeuw1%2Fslices%2F3e1%2F5d8e9ef63a204d0b8cb71b50093bde7d%2F3e1681c456b14b019e1bb901e291193f%2FA00000012.ts%3Fpbs%3Deaa6450fe6f84caf9755449c3afa0e4c%26cloud%3Daws%26cdn%3Dcfi%26si%3D0%26Expires%3D1781619705%26Policy%3DeyJTdGF0ZW1lbnQiOlt7IlJlc291cmNlIjoiaHR0cHM6Ly9jZi1zZWN1cmUuY2RuLnVwbHluay5jb20vYWV1dzEvc2xpY2VzLzNlMS81ZDhlOWVmNjNhMjA0ZDBiOGNiNzFiNTAwOTNiZGU3ZC8zZTE2ODFjNDU2YjE0YjAxOWUxYmI5MDFlMjkxMTkzZi8qcGJzPWVhYTY0NTBmZTZmODRjYWY5NzU1NDQ5YzNhZmEwZTRjJmNsb3VkPWF3cyZjZG49Y2ZpJnNpPTAiLCJDb25kaXRpb24iOnsiRGF0ZUxlc3NUaGFuIjp7IkFXUzpFcG9jaFRpbWUiOjE3ODE2MTk3MDV9fX1dfQ%3D%3D%26Signature%3DtdAr7ml5tXlZwchEn4Dg-VW3iRc5Rx5AbSapbk10Ag-UHg1zSMRgrg7LLJEayLa9MGWnY2QDeZVXGGZNDAxOzeTitT2vPrLHfU4RhNWYni6Fpo0-VlBhjZ5HrsqUgLx2vaisBD2F8Snbs6asdXWk18iRnnuJORkSIB-PcyRo61iwl75l00ATcaB5ry7Z7THSueK1a-bEy1h9mjdytAd3rxsvB2GOtkTiHKfehIN5mRHdnpMx7Xn1S3B0BnQbxvfKkHTWiVkoZbYStMUKBcdUtkg3oAvj4TKafm9Jj7dR32iQ9~A6OyFsDHEXBI9M36YazB0W0hywh~R3nPzNZQ0OoA__%26Key-Pair-Id%3DK1UQJZ58IUS3T3 HTTP/1.1" 200 -
22:22:51 "GET /proxy/?url=https%3A%2F%2Fcf-secure.cdn.uplynk.com%2Faeuw1%2Fslices%2F3e1%2F5d8e9ef63a204d0b8cb71b50093bde7d%2F3e1681c456b14b019e1bb901e291193f%2FC00000012.ts%3Fpbs%3Deaa6450fe6f84caf9755449c3afa0e4c%26cloud%3Daws%26cdn%3Dcfi%26si%3D0%26Expires%3D1781619721%26Policy%3DeyJTdGF0ZW1lbnQiOlt7IlJlc291cmNlIjoiaHR0cHM6Ly9jZi1zZWN1cmUuY2RuLnVwbHluay5jb20vYWV1dzEvc2xpY2VzLzNlMS81ZDhlOWVmNjNhMjA0ZDBiOGNiNzFiNTAwOTNiZGU3ZC8zZTE2ODFjNDU2YjE0YjAxOWUxYmI5MDFlMjkxMTkzZi8qcGJzPWVhYTY0NTBmZTZmODRjYWY5NzU1NDQ5YzNhZmEwZTRjJmNsb3VkPWF3cyZjZG49Y2ZpJnNpPTAiLCJDb25kaXRpb24iOnsiRGF0ZUxlc3NUaGFuIjp7IkFXUzpFcG9jaFRpbWUiOjE3ODE2MTk3MjF9fX1dfQ%3D%3D%26Signature%3DOUgGBHOIAXiIKns4a7v8KRh3t5zR5iwL0KEpClKGNmfzFW6Ctj3M8fYNzk7iZadYyJfRWi-ctguS9A~11VMLzCWHH8eUzomqnLJhGKa7Fm84wr~NiribHpbXF76SeV29MtG4aMlpPun9hQvEF13C2xG09COk9c83FFFKmgfSx5TFsNrfLT9TacesJleWZbVg0Bk82pPpNZCJ67WORa1iFqbc4NikdFt1oeK3mcnRBEz2Yn00qncGMxwpw~ApABn4ACxwJv1zWkJ19dRfInEC8QCUb7cJJH7r64Agh5QrXckO8YaHXA~sBYdigsbPXDHWCfzl~HZ1Eo0CiA8SWYTWOw__%26Key-Pair-Id%3DK1UQJZ58IUS3T3 HTTP/1.1" 200 -
22:22:54 "GET /proxy/?url=https%3A%2F%2Fcf-secure.cdn.uplynk.com%2Faeuw1%2Fslices%2F3e1%2F5d8e9ef63a204d0b8cb71b50093bde7d%2F3e1681c456b14b019e1bb901e291193f%2FJ00000012.ts%3Fpbs%3Deaa6450fe6f84caf9755449c3afa0e4c%26cloud%3Daws%26cdn%3Dcfi%26si%3D0%26Expires%3D1781619679%26Policy%3DeyJTdGF0ZW1lbnQiOlt7IlJlc291cmNlIjoiaHR0cHM6Ly9jZi1zZWN1cmUuY2RuLnVwbHluay5jb20vYWV1dzEvc2xpY2VzLzNlMS81ZDhlOWVmNjNhMjA0ZDBiOGNiNzFiNTAwOTNiZGU3ZC8zZTE2ODFjNDU2YjE0YjAxOWUxYmI5MDFlMjkxMTkzZi8qcGJzPWVhYTY0NTBmZTZmODRjYWY5NzU1NDQ5YzNhZmEwZTRjJmNsb3VkPWF3cyZjZG49Y2ZpJnNpPTAiLCJDb25kaXRpb24iOnsiRGF0ZUxlc3NUaGFuIjp7IkFXUzpFcG9jaFRpbWUiOjE3ODE2MTk2Nzl9fX1dfQ%3D%3D%26Signature%3DaGpxITqk7oG~v0qyJKjqJDxbcE-G6KhZ7umtiIEMk~1Hjs7e4g6vklESbAB89kskKcKyyQBcWUD7yhMuNGwf6SeV1bqtHBYKfJiKlURG1fUGi7cVkuyxzyjv2hY9VJ8H-0ht5Uv2X3FOMl9zLIT5PZKsjnqtae8ND9TeqYgDsTlCGpX3g3VjNQjgy6AM~ZETsLC6AdiTrm64tlBmPNHhmju6iMTeaxOFZR2OujacN3J~cV4qk6pQKAswYoWSND~VR1eHBnyc6W~SMRcT3imJkJ4e49OFAXsoxwoWeejSD~rZYpj9WqyWNIC86wZlTcTGouVOnheJ23pzVmY9qjSCNQ__%26Key-Pair-Id%3DK1UQJZ58IUS3T3 HTTP/1.1" 200 -
22:22:57 code 502, message Proxy error: <urlopen error _ssl.c:993: The handshake operation timed out>
22:22:57 "GET /proxy/?url=https%3A%2F%2Fcf-secure.cdn.uplynk.com%2Faeuw1%2Fslices%2F3e1%2F5d8e9ef63a204d0b8cb71b50093bde7d%2F3e1681c456b14b019e1bb901e291193f%2FJ00000012.ts%3Fpbs%3Deaa6450fe6f84caf9755449c3afa0e4c%26cloud%3Daws%26cdn%3Dcfi%26si%3D0%26Expires%3D1781619679%26Policy%3DeyJTdGF0ZW1lbnQiOlt7IlJlc291cmNlIjoiaHR0cHM6Ly9jZi1zZWN1cmUuY2RuLnVwbHluay5jb20vYWV1dzEvc2xpY2VzLzNlMS81ZDhlOWVmNjNhMjA0ZDBiOGNiNzFiNTAwOTNiZGU3ZC8zZTE2ODFjNDU2YjE0YjAxOWUxYmI5MDFlMjkxMTkzZi8qcGJzPWVhYTY0NTBmZTZmODRjYWY5NzU1NDQ5YzNhZmEwZTRjJmNsb3VkPWF3cyZjZG49Y2ZpJnNpPTAiLCJDb25kaXRpb24iOnsiRGF0ZUxlc3NUaGFuIjp7IkFXUzpFcG9jaFRpbWUiOjE3ODE2MTk2Nzl9fX1dfQ%3D%3D%26Signature%3DaGpxITqk7oG~v0qyJKjqJDxbcE-G6KhZ7umtiIEMk~1Hjs7e4g6vklESbAB89kskKcKyyQBcWUD7yhMuNGwf6SeV1bqtHBYKfJiKlURG1fUGi7cVkuyxzyjv2hY9VJ8H-0ht5Uv2X3FOMl9zLIT5PZKsjnqtae8ND9TeqYgDsTlCGpX3g3VjNQjgy6AM~ZETsLC6AdiTrm64tlBmPNHhmju6iMTeaxOFZR2OujacN3J~cV4qk6pQKAswYoWSND~VR1eHBnyc6W~SMRcT3imJkJ4e49OFAXsoxwoWeejSD~rZYpj9WqyWNIC86wZlTcTGouVOnheJ23pzVmY9qjSCNQ__%26Key-Pair-Id%3DK1UQJZ58IUS3T3 HTTP/1.1" 502 -
22:23:07 code 502, message Proxy error: <urlopen error _ssl.c:993: The handshake operation timed out>
22:23:07 "GET /proxy/?url=https%3A%2F%2Fcf-secure.cdn.uplynk.com%2Faeuw1%2Fslices%2F3e1%2F5d8e9ef63a204d0b8cb71b50093bde7d%2F3e1681c456b14b019e1bb901e291193f%2FA00000013.ts%3Fpbs%3Deaa6450fe6f84caf9755449c3afa0e4c%26cloud%3Daws%26cdn%3Dcfi%26si%3D0%26Expires%3D1781619705%26Policy%3DeyJTdGF0ZW1lbnQiOlt7IlJlc291cmNlIjoiaHR0cHM6Ly9jZi1zZWN1cmUuY2RuLnVwbHluay5jb20vYWV1dzEvc2xpY2VzLzNlMS81ZDhlOWVmNjNhMjA0ZDBiOGNiNzFiNTAwOTNiZGU3ZC8zZTE2ODFjNDU2YjE0YjAxOWUxYmI5MDFlMjkxMTkzZi8qcGJzPWVhYTY0NTBmZTZmODRjYWY5NzU1NDQ5YzNhZmEwZTRjJmNsb3VkPWF3cyZjZG49Y2ZpJnNpPTAiLCJDb25kaXRpb24iOnsiRGF0ZUxlc3NUaGFuIjp7IkFXUzpFcG9jaFRpbWUiOjE3ODE2MTk3MDV9fX1dfQ%3D%3D%26Signature%3DtdAr7ml5tXlZwchEn4Dg-VW3iRc5Rx5AbSapbk10Ag-UHg1zSMRgrg7LLJEayLa9MGWnY2QDeZVXGGZNDAxOzeTitT2vPrLHfU4RhNWYni6Fpo0-VlBhjZ5HrsqUgLx2vaisBD2F8Snbs6asdXWk18iRnnuJORkSIB-PcyRo61iwl75l00ATcaB5ry7Z7THSueK1a-bEy1h9mjdytAd3rxsvB2GOtkTiHKfehIN5mRHdnpMx7Xn1S3B0BnQbxvfKkHTWiVkoZbYStMUKBcdUtkg3oAvj4TKafm9Jj7dR32iQ9~A6OyFsDHEXBI9M36YazB0W0hywh~R3nPzNZQ0OoA__%26Key-Pair-Id%3DK1UQJZ58IUS3T3 HTTP/1.1" 502 -
22:25:04 "GET / HTTP/1.1" 200 -
22:25:05 "GET /WC26_Logo.png HTTP/1.1" 200 -
22:25:06 "GET /wc-roster-data.js HTTP/1.1" 200 -
22:25:07 "GET /wc-player-detail.js HTTP/1.1" 200 -
22:25:07 "GET /wc-player-7m.js HTTP/1.1" 200 -
22:25:07 "GET /wc-flags/MEX.png HTTP/1.1" 200 -
22:25:07 "GET /wc-flags/CZE.png HTTP/1.1" 200 -
22:25:07 "GET /%E7%90%83%E5%91%98.svg HTTP/1.1" 200 -
22:25:07 "GET /wc-flags/RSA.png HTTP/1.1" 200 -
22:25:07 "GET /wc-flags/KOR.png HTTP/1.1" 200 -
22:25:08 "GET /wc-flags/BIH.png HTTP/1.1" 200 -
22:25:08 "GET /wc-flags/CAN.png HTTP/1.1" 200 -
22:25:08 "GET /wc-flags/SUI.png HTTP/1.1" 200 -
22:25:08 "GET /wc-flags/QAT.png HTTP/1.1" 200 -
22:25:11 "GET /wc-flags/BRA.png HTTP/1.1" 200 -
22:25:11 "GET /wc-flags/SCO.png HTTP/1.1" 200 -
22:25:11 "GET /wc-flags/MAR.png HTTP/1.1" 200 -
22:25:11 "GET /wc-flags/AUS.png HTTP/1.1" 200 -
22:25:11 "GET /wc-flags/HAI.png HTTP/1.1" 200 -
22:25:14 "GET /wc-flags/PAR.png HTTP/1.1" 200 -
22:25:14 "GET /wc-flags/TUR.png HTTP/1.1" 200 -
22:25:14 "GET /wc-flags/USA.png HTTP/1.1" 200 -
22:25:16 "GET /wc-flags/CIV.png HTTP/1.1" 200 -
22:25:16 "GET /wc-flags/CUW.png HTTP/1.1" 200 -
22:25:17 "GET /wc-flags/ECU.png HTTP/1.1" 200 -
22:25:17 "GET /wc-flags/NED.png HTTP/1.1" 200 -
22:25:17 "GET /wc-flags/JPN.png HTTP/1.1" 200 -
22:25:17 "GET /wc-flags/SWE.png HTTP/1.1" 200 -
22:25:17 "GET /wc-flags/GER.png HTTP/1.1" 200 -
22:25:17 "GET /wc-flags/TUN.png HTTP/1.1" 200 -
22:25:17 "GET /api/sync?t=1781447116111 HTTP/1.1" 200 -
22:25:17 "GET /wc-cards.json?t=1781447116111 HTTP/1.1" 200 -
22:25:17 "GET /wc-flags/BEL.png HTTP/1.1" 200 -
22:25:18 "GET /wc-flags/IRN.png HTTP/1.1" 200 -
22:25:19 "GET /wc-flags/URU.png HTTP/1.1" 200 -
22:25:19 "GET /wc-flags/KSA.png HTTP/1.1" 200 -
22:25:19 "GET /wc-flags/EGY.png HTTP/1.1" 200 -
22:25:19 "GET /wc-flags/ESP.png HTTP/1.1" 200 -
22:25:19 "GET /wc-flags/NZL.png HTTP/1.1" 200 -
22:25:19 "GET /wc-flags/FRA.png HTTP/1.1" 200 -
22:25:19 "GET /wc-cards.json?t=1781447117862 HTTP/1.1" 200 -
22:25:20 "GET /wc-flags/IRQ.png HTTP/1.1" 200 -
22:25:20 "GET /wc-flags/SEN.png HTTP/1.1" 200 -
22:25:20 "GET /wc-flags/NOR.png HTTP/1.1" 200 -
22:25:20 "GET /wc-flags/ALG.png HTTP/1.1" 200 -
22:25:20 "GET /wc-flags/ARG.png HTTP/1.1" 200 -
22:25:20 "GET /wc-flags/COD.png HTTP/1.1" 200 -
22:25:20 "GET /wc-flags/AUT.png HTTP/1.1" 200 -
22:25:20 "GET /wc-flags/JOR.png HTTP/1.1" 200 -
22:25:21 "GET /wc-flags/COL.png HTTP/1.1" 200 -
22:25:21 "GET /wc-flags/POR.png HTTP/1.1" 200 -
22:25:21 "GET /wc-flags/CRO.png HTTP/1.1" 200 -
22:25:21 "GET /wc-flags/ENG.png HTTP/1.1" 200 -
22:25:21 "GET /wc-flags/PAN.png HTTP/1.1" 200 -
22:25:21 "GET /wc-flags/UZB.png HTTP/1.1" 200 -
22:25:22 "GET /wc-flags/GHA.png HTTP/1.1" 200 -
22:25:22 "GET /wc-flags/CPV.png HTTP/1.1" 200 -
03:27:20 "GET / HTTP/1.1" 200 -
03:27:21 "GET /wc-cards.json?t=1781465241632 HTTP/1.1" 200 -
03:27:21 "GET /api/sync?t=1781465241631 HTTP/1.1" 200 -
03:27:21 "GET /wc-cards.json?t=1781465241719 HTTP/1.1" 200 -
03:27:22 "GET /wc-photos/CZE/10_Patrik%20Schick_FW.png HTTP/1.1" 304 -
03:27:22 "GET /wc-photos/CAN/19_Alphonso%20DAVIES_DF.png HTTP/1.1" 304 -
03:27:22 "GET /wc-photos/RSA/04_Teboho%20MOKOENA_MF.png HTTP/1.1" 304 -
03:27:22 "GET /wc-photos/QAT/10_HASSAN%20ALHAYDOS_FW.png HTTP/1.1" 304 -
03:27:22 "GET /wc-photos/SUI/10_Granit%20XHAKA_MF.png HTTP/1.1" 304 -
03:27:22 "GET /wc-photos/BIH/09_Samed%20BAZDAR_FW.png HTTP/1.1" 304 -
03:27:22 "GET /wc-photos/KOR/07_SON%20Heungmin_FW.png HTTP/1.1" 304 -
03:27:22 "GET /wc-photos/MEX/09_Raul%20JIMENEZ_FW.png HTTP/1.1" 304 -
03:27:29 "GET / HTTP/1.1" 200 -
03:27:29 "GET /WC26_Logo.png HTTP/1.1" 304 -
03:27:30 "GET /api/sync?t=1781465248058 HTTP/1.1" 200 -
03:27:30 "GET /wc-cards.json?t=1781465248059 HTTP/1.1" 200 -
03:27:30 "GET /wc-cards.json?t=1781465248283 HTTP/1.1" 200 -
03:28:00 "GET /wc-events.json HTTP/1.1" 200 -
03:28:00 "GET /api/video?fifaId=400021464 HTTP/1.1" 404 -
03:28:01 "GET /api/lineup?fifaId=400021464 HTTP/1.1" 200 -
03:28:25 "GET /api/lineup?fifaId=400021464 HTTP/1.1" 200 -
03:37:41 "GET /api/lineup?fifaId=400021464 HTTP/1.1" 200 -
03:47:19 "GET /wc-flags/ecu.png HTTP/1.1" 200 -
03:47:46 "GET / HTTP/1.1" 200 -
03:47:46 "GET /wc-roster-data.js HTTP/1.1" 304 -
03:47:47 "GET /wc-cards.json?t=1781466465044 HTTP/1.1" 200 -
03:47:47 "GET /wc-events.json HTTP/1.1" 200 -
1" 200 -
03:47:47 "GET /wc-cards.json?t=1781466465384 HTTP/1.1" 200 -
03:48:02 "GET /api/video?fifaId=400021464 HTTP/1.1" 404 -
03:48:04 "GET /api/lineup?fifaId=400021464 HTTP/1.1" 200 -
